
> kiara@0.1.0 test
> node --import tsx --test tests/*.test.ts tests/ui/*.test.ts tests/v2-regressions/*.test.ts

✔ protected strategy catalog rejects arbitrary prompts, code, budgets, source or approval changes (1.623333ms)
✔ scripted examples do not manufacture adaptation evidence or promote a prefetch flag (2217.302916ms)
✔ genuine failure categories freeze independent company/document cases and deduplicate automatically (1929.5945ms)
✔ missing credentials leave durable blocked evaluation, zero trials and unchanged champion (2108.912834ms)
✔ in-process six-trial evaluator isolates state and never labels injected successes as live promotion (4339.564583ms)
✔ promotion gates require measured gain, no unseen regression, cost and latency ceilings, provider records (2237.805958ms)
✔ founder corrections and lawyer notes produce distinct bounded strategies without executing feedback text (2790.122792ms)
✔ concurrent workers dispatch one lease and a lost provider result terminates further spending (2524.533292ms)
✔ rollback restores evaluated parent, increments generation, and preserves in-flight pins and history (2552.228583ms)
✔ unverified fact notes do not become facts or improvement instructions, and protected input changes cancel without calls (2351.494625ms)
✔ daily admission cap and promotion recursion depth cannot be overridden by a trigger (2101.119542ms)
✔ proposal agent uses constrained provider output, hides heldouts, and rejects protected mutations (1577.048125ms)
✔ local evaluator identity changes with runtime source and hosted identity requires a deployment commit (301.508208ms)
✔ observed draft plus three complete checks and two checked repairs fit finite window without raising money limits (7.061667ms)
✔ every repair reserves complete checker input/output/cost and request slots before dispatch (3.078208ms)
✔ review planning cannot change hard dollar ceilings or inject unbounded planning values (0.998458ms)
✔ supplied context is versioned, attributed, idempotent and cannot be silently replaced during review (285.669041ms)
✔ context intake rejects duplicate facts, malformed prior document and absent provenance (2.803542ms)
✔ shared operator cap atomically admits at most two concurrent visitors and survives process boundaries (1390.313084ms)
✔ settled IDs cannot dispatch twice, repeat exact settlement is safe, and history cannot lower a charge (68.5085ms)
✔ unknown provider charges retain unused reservation and block all visitors until explicit reconciliation (91.655959ms)
✔ usage above reservation is auditable and closes all further spending (77.99725ms)
✔ actual usage can settle after authorization is disabled but no new dispatch can reserve (135.0335ms)
✔ micro-dollar accounting cannot round a small reservation down through the cap (296.49525ms)
✔ new visitor workspaces cannot reset the shared request rate ceiling (2641.282625ms)
✔ invalid reservations, settlements, authorization and hosted ephemeral storage fail before dispatch (8.356291ms)
✔ operator full-ceiling accounting preserves unknown history and hard cap while releasing independent work (346.409333ms)
✔ operator coverage fails closed on wrong ceilings and late higher usage (282.797208ms)
✔ pre-dispatch recovery retires missing reservation identities before a delayed writer resumes (263.505417ms)
✔ missing dispatched reservation remains globally blocking without explicit reconciliation (98.782959ms)
✔ hosted scheduling deduplicates starts and records the exact run (1.480416ms)
✔ new deployment fences old claims but waits for its dispatched step to settle (0.548125ms)
✔ completed workers can restart and crashed starts recover after a bounded wait (0.396375ms)
✔ new epoch cannot inherit a worker ticket (0.344917ms)
▶ hosted login and durable worker preserve protected review gates
  ✔ no automatic remote identity; login requires the matching password and origin (6.648584ms)
  ✔ an authenticated founder cannot switch to lawyer without signing in (35.487666ms)
  ✔ worker drains, pauses at review, resumes the queue, and fences old generations (3551.848083ms)
  ✔ missing Atlas configuration on Vercel fails closed (0.350125ms)
✔ hosted login and durable worker preserve protected review gates (3710.2005ms)
✔ recovery propagates a crashed dispatched attempt to the shared unknown-charge fence (639.090958ms)
✔ recovery releases a crashed pre-dispatch shared reservation without inventing a provider charge (646.145917ms)
✔ durable worker remains alive until a crashed model lease expires and stops after unknown-charge recovery (1422.837ms)
✔ local workspaces cannot overwrite one another through cookies shared across localhost ports (42.093208ms)
✔ new model and human facts remain untrusted until founder verification; all prior context is retained (2304.153625ms)
✔ new fact values cannot bypass key, size, nesting, or count limits (0.387542ms)
✔ new public demo preserves old audit and global spend while enforcing auth, CSRF and active-charge gates (871.419791ms)
✔ preview is durable and never grants lawyer approval (2278.198167ms)
✔ a changed review bundle cancels its old queued notification (504.903625ms)
✔ expired send is unknown, blocks blind retry and preserves the provider key (308.656625ms)
✔ webhook rejects requests when signature configuration is absent (11.090875ms)
▶ persistence: deterministic baseline, atomic transactions, fences and physical records
  ✔ baseline is deterministic and seed twice is a byte-identical no-op (322.976958ms)
  ✔ an exception or async callback cannot commit a partial write (77.462458ms)
  ✔ tenant injection, stale epoch and stale CAS are rejected (115.967333ms)
  ✔ immutable revision edits fail; appending a new sealed revision succeeds (314.870916ms)
  ✔ concurrent independent processes do not lose increments (4441.983125ms)
  ✔ dead-owner lock recovers without manual data deletion (129.377833ms)
  ✔ CA event produces scoped customer, context and durable dispatch rows (134.7575ms)
  ✔ reset retains evaluation campaign reservations and unknown charges (463.533708ms)
  ✔ reset blocks unknown charges and preserves a surviving monotonic guard (482.55775ms)
✔ persistence: deterministic baseline, atomic transactions, fences and physical records (6498.985084ms)
▶ public visitors have isolated, repeatable demos without passwords
  ✔ public bootstrap isolates signed sessions and refuses unscoped access (84.577875ms)
  ✔ role switching is self-service but review order is still required (1848.571666ms)
  ✔ final lawyer approval retains the completed run and isolates visitor history (380.192084ms)
  ✔ manual reset works in lawyer role and old requests cannot revive cleared data (90.637ms)
  ✔ public mode fails closed if paid generation or delivery is enabled (0.269916ms)
✔ public visitors have isolated, repeatable demos without passwords (2591.811916ms)
✔ F16 numeric local Host reconciles framework URL normalization without trusting forwarded hosts (10.469834ms)
✔ review regression: unresolved model charges survive human-edit validation (1060.802542ms)
✔ review: authenticated early delivery receipts reconcile once when the send response arrives (1145.653792ms)
✔ review regression: verified company facts preserve signup-specific provenance (621.056584ms)
✔ review regression: changed input can start a new settled model ledger (2578.954708ms)
✔ review regression: scripted document edits cannot contradict an explicit no-sale fact (1356.852667ms)
[Resend API Error]: {
  error: {
    name: 'application_error',
    statusCode: null,
    message: 'Unable to fetch data. The request could not be resolved.'
  },
  path: '/emails'
}
✔ review regression: Resend SDK transport errors remain unknown delivery and block reset (1315.280916ms)
✔ review: a later unchanged event closes only against a current sealed finalized packet (4857.413042ms)
✔ review: scripted validation failure escalates without claiming AI repair or hiding the output (2536.694041ms)
✔ review regression: stale document edits reject before mutation while a fresh snapshot succeeds (1237.437ms)
✔ review regression: a session cannot cross the reset fence while its command body is being read (251.29475ms)
✔ review: model fact proposals require current founder verification and retain model attribution (1184.831709ms)
✔ review regression: founder verification of a model fact authorizes a linked run after the settled parent deadline (2368.747417ms)
✔ eleven frozen legal cases execute with unknown/conflict preservation (4.982125ms)
✔ actual citation span, complete evidence, clauses, unknown facts and semantic rules are validated (681.433083ms)
✔ live mode without credentials blocks instead of substituting the scripted revision (692.739917ms)
✔ timeout retains pre-dispatch reservation and prevents reset (1033.501791ms)
✔ crashed dispatched run recovers once without replaying model or discarding charge (1077.138958ms)
✔ budget deadline, request ceiling and unknown-charge reservation cannot reset on reuse (483.177084ms)
✔ provider adapter exercises scoped tools, exact citations, full-law semantic hydration and immutable generated revision (4565.578834ms)
✔ an out-of-scope model tool is blocked before it can mutate state (1664.124375ms)
✔ verified human edit after a settled run deadline starts a linked child and retains immutable costs; automatic repair cannot rotate (2993.520042ms)
✔ founder verification of an attributed model fact proposal authorizes a settled expired child scope without fabricating human feedback (3449.712917ms)
✔ genuine bad output from an injected provider is recorded, repaired with failure feedback, and produces correlated audit records (3586.468875ms)
✔ unparseable provider output stops at the protected repair limit without saving a placeholder candidate (2622.095167ms)
✔ oversized legal retrieval produces a scoped tool error that the agent can correct within the same budget (3079.887209ms)
✔ frozen evaluation runs semantic repair and retains full audit without mutating the supplied state or live store (758.475458ms)
✔ explicit total spending authorization includes evaluation reservations and never exposes credentials (730.827042ms)
✔ acceptance fault injection is rejected outside an explicitly enabled local test before any provider request (617.057292ms)
✔ provider billing failures retain safe actionable codes without retaining raw error messages (1293.137166ms)
✔ recovery retries a persisted unknown attempt even after its workflow was already blocked (1018.027209ms)
✔ explicit founder retry of a settled billing rejection starts a linked run and preserves prior attempts (1787.031708ms)
✔ rate backoff accepts only explicit rate rejections, caps safe headers, and preserves the absolute deadline (1.147625ms)
✔ two explicit rate rejections retry the exact request with distinct settled reservations and audited waits (2855.709875ms)
✔ repeated rate rejections stop after two retries and never extend the run deadline (1467.579792ms)
✔ test retry wait overrides cannot bypass a real provider delay (421.635792ms)
✔ exact legal search computes UTF-16 offsets from pinned text and authorizes only three returned matches (1235.412042ms)
✔ semantic document delta reconstructs all business/legal text and preserves selected citation support bindings (397.475416ms)
✔ semantic packing counts complete balanced batches once, merges when possible, and never omits text (6.959334ms)
✔ semantic packing refuses one oversized complete authority instead of truncating it (2.714875ms)
✔ retrieval rate retries cannot consume the final proposal-emission slot (1790.66475ms)
✔ numeric provider rate diagnostics exclude raw messages, identifiers and unknown headers (1.043625ms)
✔ legal citation chunks preserve literal text, surrogate offsets and explicit capacity continuations (0.959041ms)
✔ incomplete paid-shaped output retains partial bytes and allows only explicit settled founder retry (709.711208ms)
✔ repair rate retries preserve all three independent checker slots (1279.219416ms)
✔ checker capacity failure retains the unaccepted proposal and founder retry validates it without redrafting (853.960208ms)
✔ opaque citation IDs resolve only exact returned source chunks and reject guessed or changed evidence (0.535083ms)
✔ provider-selected citation IDs become exact audited citations without model-copied offsets or quotes (1355.427ms)
▶ security: HTTP permissions and persisted human-review guards
  ✔ rejects client identity injection, unexpected fields, bad CSRF and cross-origin actions (5.836959ms)
  ✔ lawyer cannot inject company signup (2.035917ms)
  ✔ lawyer-first, stale state and stale bundle approvals are rejected (105.472042ms)
  ✔ source integrity changes invalidate an otherwise matching approval (40.11025ms)
  ✔ replayed same approval does not add another decision (15.916709ms)
  ✔ old notification is canceled after new feedback changes its sealed bundle (380.164167ms)
  ✔ malformed business facts cannot be promoted to verified known facts (207.082375ms)
  ✔ applicability fails closed when a required boolean has invalid type (13.352625ms)
  ✔ old session and stale reset command cannot mutate a new epoch (130.796625ms)
✔ security: HTTP permissions and persisted human-review guards (1865.116084ms)
✔ empty and reset workspaces do not invent execution or approval activity (2.833417ms)
✔ stage progression follows saved workflow state rather than elapsed time (0.265375ms)
✔ fact correction restarts progress despite retained historical assessment, checks, and approvals (0.493ms)
✔ retrieval repairs and proposal repairs stay attached to the checkpoint that failed (0.061375ms)
✔ non-citation validation failures are not described as citation repairs (0.1155ms)
✔ only approvals for the current sealed packet can complete the human checkpoint (0.507667ms)
✔ no-change decisions skip drafting and approvals instead of fabricating successful reviews (0.926458ms)
✔ information and failed-check pauses block the relevant checkpoint (0.080125ms)
✔ requested changes to a sealed packet pause human review without inventing a validation failure (0.08525ms)
✔ snapshot identifies the harness pinned to the run even after champion promotion (0.277458ms)
✔ redline comparison retains every original and proposed clause with exact full text (0.553584ms)
✔ removals and heading-only edits cannot disappear from the redline (0.074584ms)
✔ empty and missing revisions remain honest instead of inventing policy text (0.179167ms)
✔ unknown facts stay distinct from false and zero (9.630041ms)
✔ client surfaces actionable structured API errors without coercing objects (0.129708ms)
✔ a review preview cannot follow a newly polled proposal or lost access (0.323166ms)
✔ an action preview rejects changed recipients/content, dispatch and withdrawn access (0.065125ms)
✔ a counsel decision rejects changed scope, recipient, lifecycle or withdrawn access (0.0815ms)
✔ message acceptance is durable before model dispatch; grounded answer receipts survive replay (1341.456084ms)
✔ same accepted message key is one durable run even after reply completion (246.857709ms)
✔ missing provider credentials and invalid modes fail closed with retained user message (236.198792ms)
✔ shared spending cap prevents dispatch and is never raised by conversation processing (434.877959ms)
✔ provider timeout or unknown failure retains uncertain charge and forbids replay (777.185ms)
✔ explicit provider rejection settles reservation without fabricating an answer (702.568667ms)
✔ source revoked while provider awaits cannot reach review or attach stale response (1129.909125ms)
✔ membership revoked during final support review cannot attach answer (1703.634209ms)
✔ unsupported citation IDs fail before support review; injection text remains untrusted with no tools (1144.519834ms)
✔ support reviewer rejects source-injected claims even when citation identity exists (1761.509083ms)
✔ private sources cannot enter another actor retrieval and derived output retains source ACL (906.536875ms)
✔ hypotheses stay isolated; inventory enumerates authorized executed agreements beyond ranking (1410.12725ms)
✔ concurrent worker replays do not invoke the model twice (1503.018917ms)
✔ expired running lease conservatively reconciles an interrupted dispatch without another invocation (716.308792ms)
✔ pinned model configuration cannot silently change after message acceptance (501.69875ms)
✔ durable recovery marker survives the crash checkpoint between run terminalization and ledger reconciliation (718.364834ms)
✔ prepared reservation interrupted before dispatch is released without invoking provider (846.974417ms)
✔ source instructions stay in untrusted evidence and cannot gain model tools or command authority (1293.692667ms)
✔ source access changed during token count prevents generation dispatch and reservation (671.747041ms)
✔ a uniquely supplied document supports Explain this contract even without a keyword match (271.432417ms)
✔ source deletion during inference scrubs retained packet and prevents late provider payload storage (1366.581667ms)
✔ quiet hours and digest grouping apply to ordinary work, with timezone-aware next delivery (306.798792ms)
✔ required overdue and unresolved provider work stays visible after acknowledgment in quiet hours (183.534375ms)
✔ dismissal requires an exact visible item and reappears after the underlying work changes (148.101458ms)
✔ attention uses authoritative source access and current delegation without exposing private work (294.059292ms)
✔ v2 local sessions are signed, origin bound, role limited and explicitly simulated (49.333417ms)
✔ organization browser sign-in binds code, state, PKCE, nonce and provisioned membership (233.680791ms)
✔ OIDC identity verification rejects forged tokens, wrong audience, expiry and unmapped subjects (45.067084ms)
✔ selected scenario sharing discloses only inspected assumptions, never private history or origin IDs (816.7605ms)
✔ scenario edits immediately stale the approved frozen share instead of disclosing new text (792.253167ms)
✔ recipient membership revision and expiry withdraw scenario viewing (877.823834ms)
✔ sharing cannot promote restricted source access or use stale selections (1104.052958ms)
✔ routing requires existing capacity, recipient acceptance and a separate grantor choice (1141.294041ms)
✔ routing expiry derives the base owner without mutating stored task authority (734.152875ms)
✔ existing conversation links preserve identity and refuse private-to-team scope expansion (1093.027083ms)
✔ source deletion redacts selected scenario sharing from current and historical records (1388.054834ms)
✔ a business owner cannot link another user’s private conversation, even when the proposed scopes match (631.933334ms)
✔ counsel intake, fee approval and exact packet sharing are separate recorded decisions (1605.137833ms)
✔ source, recipient membership, explicit revoke and expiry immediately withdraw granted records (6124.393791ms)
✔ counsel returned edits preserve original proposal and require new exact decisions (1969.2975ms)
✔ escalation invalidates prior engagement and access; referral stays unavailable; terminal work cannot revive (1929.95775ms)
✔ sharing an older packet cannot disclose newly revised proposal bytes or added matter tasks (2636.2975ms)
✔ counsel sharing rejects expired, future and malformed bound facts even when versions match (3671.742458ms)
✔ Word review export round-trips body and authority manifest while rejecting malformed archives (94.158375ms)
✔ S3 originals require KMS and a version receipt; repeated upload reconciles the retained version (1.330584ms)
✔ template substitution creates a private unapproved draft without expanding scope or treating values as company facts (712.803917ms)
✔ reimport retains exact original bytes and immutable revisions, rejects stale heads and invalidates dependent decisions (1069.485625ms)
✔ signed and effective originals require a separate amendment instead of replacement (652.8265ms)
✔ comparison reconstructs both complete texts and preserves insertions, removals and exceptions (4.665708ms)
✔ pasted document route retains exact bytes, hands off its own revisions, and replays one document (887.741125ms)
✔ multipart reimport preserves both exact originals and stale/CSRF requests cannot attach documents (1524.133333ms)
✔ internal document execution retains immutable encrypted bytes and verifies one output across replay (1916.1515ms)
✔ revoked decision, changed subject and lesser role cannot escalate into execution (1983.02875ms)
✔ concurrent retries share a durable intent and dispatch exactly once (1938.009292ms)
✔ source access revoked during preparation prevents the provider call (1803.367375ms)
✔ cancel during preparation prevents dispatch and retains its exact historical intent (1815.239959ms)
✔ cancel after dispatch preserves an uncertain effect and later read-back cannot reopen the matter (1820.67325ms)
✔ email acceptance requires exact tagged delivery read-back; late bounce fails completion (2079.430708ms)
✔ email unknown outcome is never resent and an unrelated receipt cannot complete it (1504.654417ms)
✔ email exact allowlist and configuration failure reject before any effect intent (1013.921875ms)
✔ preview stays pending manual and never downgrades a later attributed manual completion (1353.009875ms)
✔ publication read-back verifies exact authorized destination bytes without publishing (1599.745291ms)
✔ a provider signing-request receipt can never become an executed-original completion (1538.618542ms)
✔ expired prepared checkpoint recovers without dispatch, while a live lease remains untouched (1603.39125ms)
✔ explicit provider rejection is retained and replay cannot dispatch a second request (1350.689916ms)
✔ frozen configured preview rejects changed sender or preview-to-live mode before reserving an effect (1197.686208ms)
✔ dispatcher membership version must still match the preview after preparation even with its role retained (1325.441084ms)
✔ legal obligation introduced during preparation blocks dispatch until its exact deadline basis is reviewed (1379.769708ms)
✔ a delayed delivered read-back cannot overwrite a concurrently recorded terminal delivery failure (1336.041208ms)
✔ durable effect outbox sends only references and local read-back completion never starts another dispatch (1405.586125ms)
✔ background email read-back defers unknown no-receipt effects without another provider call (1215.738ms)
✔ deleting prepared evidence fails and scrubs the intent before dispatch, including after the prepare resumes (906.206083ms)
✔ deleting an unknown effect retains a private operational exception until exact readback settles and then scrubs (895.3085ms)
✔ a readback already in flight cannot restore a terminal receipt payload after deletion (440.856917ms)
✔ internal output readback after deletion does not materialize fresh derivative document payload (492.317042ms)
✔ internal_document terminal deletion preserves encrypted original manifests for the retention worker before clearing artifacts (584.596709ms)
✔ publish terminal deletion preserves encrypted original manifests for the retention worker before clearing artifacts (478.409833ms)
✔ inactive historical receipts lose payload regardless of old uncertainty without changing historical outcome or live operational exception (401.012667ms)
✔ exact embedding tokens preserve multilingual and adversarial special-token text (387.482625ms)
✔ embedding reserves exact tokens under the shared cap and durable replay makes no provider call (789.637291ms)
✔ embedding budget exhaustion prevents dispatch; unknown charges never invoke again (1154.526958ms)
✔ revocation during embedding wait cannot retain or attach the returned vector (1052.955625ms)
✔ expired dispatched embedding recovery is durable without a second provider invocation (572.294917ms)
✔ both Atlas branches prefilter tenant, entity and immutable authorized IDs and return no indexed text (6.936ms)
✔ scoped sync and hybrid fusion hydrate actual retained quotes; replay reuses index embeddings (1631.446625ms)
✔ private and expired evidence cannot enter index query allowlist; stale indexes fail explicitly (614.941667ms)
✔ revocation during search and malicious cross-scope search IDs never reach model context (2010.076708ms)
✔ conversation worker uses accepted run identity for hybrid query then grounded answer and review (2540.63575ms)
✔ expired parent lease during index admission cannot dispatch a query embedding (1489.838833ms)
✔ an old prepared embedding cannot dispatch or mutate a successor admission after recovery (1052.295792ms)
✔ a permanently fenced record cannot be reinserted by an index writer paused across deletion (1015.400416ms)
✔ maintenance stays disabled by default and an explicit standing grant allows scoped member work without admin (2112.558584ms)
✔ standing policy does not authorize private scope or a changed policy or member (1058.441292ms)
✔ revocation during embedding preserves accounted cost but cannot write index content (1108.795416ms)
✔ global concurrency delays the same job; a later retry invokes the provider once (2134.902292ms)
✔ budget exhaustion and ambiguous provider failure never trigger automatic resubmission (1675.538209ms)
✔ inventory requires every current head including draft authority, preserves exact counts and does not claim external discovery (1086.027917ms)
✔ new current agreement heads invalidate attested completeness; historical drafts cannot satisfy a successor (942.81525ms)
✔ attestation expiry independently blocks fresh approval and final execution without a record mutation (1505.515084ms)
✔ private attestation evidence is inherited by derived proposal lineage (1098.595125ms)
✔ installation configuration is unavailable when absent, revoked or missing referenced credentials (122.861542ms)
✔ GitHub authenticates raw bytes, installation and selected repo before durable intake (266.109916ms)
✔ installation membership revocation blocks a correctly signed event (202.158334ms)
✔ Slack uses bounded request time, signed team/channel, stable event identity and deletion (339.194ms)
✔ read adapters use fixed GET origins, selected resources and bounded truthful evidence (115.502ms)
✔ Drive fetches authorized metadata before content and rejects unselected or unparsed files (103.951375ms)
✔ Drive extraction rejects a revision changed between metadata and content (126.020542ms)
✔ Drive channel notification reads changes and advances cursor only after durable ingestion (676.662666ms)
✔ Drive cursor does not skip a failed extraction or disclose provider response text (129.12975ms)
✔ provider revision replay conflicts instead of overwriting an accepted event (268.091167ms)
✔ outbox acknowledgement loss retries only scoped refs with stable workflow identity (348.304584ms)
✔ outbox dispatcher does not signal legacy-owned or canceled work (326.453209ms)
✔ reconciliation re-reads current state for duplicate/late signals and retains unknown effects after cancellation (421.811625ms)
✔ Temporal missing configuration fails explicitly and workflow source excludes source payload imports (95.489167ms)
✔ conversation activities return status only and local processing commits terminal acknowledgement (279.648958ms)
✔ local runner waits through active lease, retains unknown outcomes, and respects managed owner (275.188292ms)
✔ Temporal dispatch selects conversation workflow by kind and excludes external actions (330.495625ms)
✔ deferred effect reads cannot starve newer local conversation work beyond the batch boundary (325.22375ms)
✔ retained provider evidence becomes unreadable immediately after installation selection or actor revocation (432.87125ms)
✔ Slack deletion revokes retained thread snapshots containing that message (328.7565ms)
✔ server-owned frozen replay measures improvement and records immutable independent receipt (884.727041ms)
✔ promotion changes later comparable work without reconfirming settled current facts; release evidence resolves the real gate (1988.506917ms)
✔ planned deployment remains distinct and does not trigger a live-claim requirement (1339.200875ms)
✔ rollback is monotonic, identifies affected later work, invalidates its proposal and removes only that behavior (1398.228125ms)
✔ stale evaluator authority, baseline change and reused scope without improvement cannot promote (999.797084ms)
✔ procedure owner expiry is an explicit blocker and cannot silently remove a promoted safeguard (1308.557584ms)
✔ a private lesson never changes unrelated team work (1143.719042ms)
✔ source verification and coverage qualification are distinct exact-version legal reviewer decisions (685.315708ms)
✔ coverage becomes stale dynamically when source version, reviewer membership or review deadline changes (862.022042ms)
✔ explicit unsupported coverage remains unavailable and legal clearance is never automatically created (736.834584ms)
✔ registered authority must preserve source scope and exact domain/jurisdiction inventory (524.56775ms)
✔ renewing a source review does not silently renew old coverage approval; expiry is checked at read time (1081.41775ms)
✔ an already active same-scope rule has no measured improvement and cannot be promoted again (1145.65025ms)
✔ owner can renew an unchanged qualified deterministic rule after its review deadline (1291.961584ms)
✔ candidate authors never receive holdout names, labels, outputs or test evidence; independent evaluators can inspect (881.013375ms)
✔ F07 supplied context lineage survives an attributed fact correction and later supplied work (1692.220458ms)
✔ F08 model fact verification rejects an originating snapshot made stale by human correction (1226.373167ms)
✔ F12 blocked work can be withdrawn once without dropping uncertain effects or permitting stale intent (1597.89775ms)
✔ migration dry run is inert; archive import is restartable and preserves exact legacy bytes without dispatch ownership (185.807542ms)
✔ originals use authenticated encryption and cannot be read across tenant scope (88.810666ms)
✔ same-byte upload after key rotation preserves old ciphertext and both recoverable references (181.364417ms)
✔ normalization round-trips optional collections, durable receipts and outbox without identity loss (7.273167ms)
✔ normalized integrity rejects mixed tenant, generation, content, ordering or unexpected records (0.590292ms)
✔ normalized diff touches changed records only and preserves append ordering (0.412ms)
✔ normalized storage removes aggregate BSON ceiling but enforces individual record allowance (173.314917ms)
✔ migration dry-run plan is deterministic, binds exact state and never dispatches effects (0.978416ms)
✔ empty normalized bootstrap contends on the same aggregate tenant key (0.678416ms)
✔ contractual dates require exact source and legal review; reminders and manual fulfillment stay distinct (1066.602416ms)
✔ stale deadline source or reviewer authority blocks action and closure; source revocation hides derived dates (837.377541ms)
✔ deadline proposal rejects false source quotes, ambiguous dates and inaccessible owners (599.736083ms)
✔ effort totals count all stages once, distinguish estimates, retain supersession and reject overlapping timers (1596.366625ms)
✔ amendment inherits exact original scope and retains its source lineage (752.099875ms)
✔ empty workspace, useful first response, and separate hypothetical memory (447.05825ms)
✔ ambiguous approval and unconfirmed voice cannot mutate consequential records (247.440167ms)
✔ unauthorized corrections remain candidates and stale proposals cannot replace a newer fact (947.978917ms)
✔ personal preference applies immediately without leaking to other members (379.677542ms)
✔ selected-team ACL and source lineage deny content to another team member and tenant (584.657417ms)
✔ restricted counsel sees only explicitly allowed matter records and their scoped sources (759.598042ms)
✔ revocation immediately denies derived summaries with stale content still retained (562.375792ms)
✔ command retry remains idempotent after restart and stale concurrent command conflicts (307.629666ms)
✔ review binds exact proposal and conditioned or expired approvals cannot authorize effects (1527.966542ms)
✔ manual outcome remains pending until evidence, no-counsel route stays open, and cancellation cannot revive (1522.611875ms)
✔ action-specific manual evidence closes work; runtime completion enum and signing-original checks fail closed (1297.855083ms)
✔ no-action cannot close unresolved effects or required tasks (1477.437875ms)
✔ expired sessions, revoked membership and authenticated unknown users cannot use bootstrap claims (361.223666ms)
✔ provider events require installation authority, deduplicate and link to one existing matter (495.744042ms)
✔ deletion tombstones survive backup dry run, tampered backup is rejected, restore is restartable (311.747958ms)
✔ learning requires an independent evaluator and owner with frozen evidence identity (999.963917ms)
✔ private confirmed facts cannot leak through a team response or proposal and cannot overwrite team truth (890.175042ms)
✔ source originals are bound only through trusted upload metadata, never a client command property (134.79175ms)
✔ expired authorization and absent signed original keep consequential work pending (872.976167ms)
✔ a superseded confirmed fact keeps historical matter access while current proposals must be rebuilt (845.93375ms)
✔ required business and legal tasks stay open with named owners until current unconditioned decisions (794.056875ms)
✔ time-expired or future facts cannot authorize a current proposal and reprepare omits them (560.280708ms)
✔ removed evidence has a minimal owner control view and another member cannot infer it (1136.661333ms)
✔ withdrawal cancels future effects while preserving uncertain effects and reconciliation (976.970375ms)
✔ revoked or narrowed membership cannot use recovery controls (1018.026041ms)
✔ F03 source recheck suspends approval before fetch and preserves the failure across packets (1640.42875ms)
✔ F03 successful corpus recheck preserves queued siblings without evidence (1686.578917ms)
✔ F04 exact selected quote and clause bindings reach semantic review (1392.147958ms)
✔ F05 arbitrary, missing, unknown or extra exemption fields cannot satisfy screening (3.982291ms)
✔ F06 each verified alternative route survives false direct-business prerequisites (5.522833ms)
✔ F09 blocked campaigns remain scheduled and expire through the ordinary worker (2256.394042ms)
✔ F10 sending-only notification keeps watchdog alive then resolves to unknown without another send (2278.068166ms)
✔ F11 count rejection creates no generation attempt and supports explicit settled retry (1863.067709ms)
✔ F13 selected suggestion has its own exact campaign and repeated requests retain identity (1274.216125ms)
✔ F15 signed out-of-order callbacks converge and never downgrade delivery or bounce (1464.4065ms)
✔ F17 paid operation scripts cannot raise configured authorization (1.054125ms)
✔ F18 strategies use supplied complete facts and baseline without mandatory rereads (0.144792ms)
✔ deletion atomically retains a refs-only outbox and the local worker completes real application cleanup (764.88525ms)
✔ retention rejects cross-job or modified references and never exposes object identities in progress (286.146292ms)
✔ future holds use bounded durable wakeups and local deferred work resumes after settlement (391.948625ms)
✔ managed lost-ack replay preserves deletion identity and only sends opaque references (483.7925ms)
✔ an unavailable earlier effect cannot starve later deletion cleanup in the local worker (677.992125ms)
✔ abandoned intake retains its cleanup owner and the actual local worker purges expired encrypted bytes (748.93875ms)
✔ an original write with no retained acknowledgement stays pending for explicit reconciliation (623.577292ms)
✔ artifact workflow dispatch carries no original reference and validates scoped intake identity before processing (513.6255ms)
✔ standing-policy index jobs dispatch only opaque references and terminal uncertainty never retries provider work (422.996708ms)
✔ deletion propagates through records and audit payloads while exposing only safe pending-retention status (1236.537333ms)
✔ uncertain effects remain protected exceptions until settled, then repeated cleanup erases the payload (1553.867209ms)
✔ local original deletion is tenant scoped, exact, verified and replayable (135.109708ms)
✔ S3 purge targets the retained version, verifies absence and never treats forbidden/readback as success (10.269292ms)
✔ original intake hands off only its own storage revisions and abandoned bytes are fenced before cleanup (1139.621042ms)
✔ retention worker honors original delay, shared pending intake and hold, then verifies exact purge (1658.537875ms)
✔ revoked-source owner controls allow a later scoped deletion without recovering content (1112.164084ms)
✔ pending intake blocks physical purge by content identity and deleted bytes cannot be re-created by later intake (1263.119417ms)
✔ interrupted original writes require exact verified manifest recovery before orphan cleanup (758.050708ms)
✔ an orphan purge claim fences all same-byte intakes until its exact deletion finishes (707.570834ms)
✔ unseen request email and URL cannot pass by citing the right fact ID with the wrong prose (899.251333ms)
✔ required disclosure validation supports arbitrary document, clause and fact identities (784.956792ms)
✔ unseen unrelated clauses remain protected even with valid citations and a passing semantic verdict (816.422541ms)
✔ live intake preserves supplied facts and blocks paid drafting until source recheck (449.416584ms)
✔ immutable redline reconstructs exact prior and candidate wording and retains unfamiliar content (676.545334ms)
✔ lawyer interpretation feedback retains attribution and invalidates both approvals without changing facts (1428.539625ms)
✔ stale fact correction cannot overwrite a later verified company context (920.952625ms)
✔ pinned context tampering fails approval even if the candidate and bundle are unchanged (882.191167ms)
✔ unsupported jurisdiction and future rule period escalate instead of issuing no-change decisions (404.52375ms)
✔ disclosure coverage accepts combined sections while reporting missing topics (694.553042ms)
✔ fresh legal_interpretation_note reaches runtime after the prior repair limit without rotating reused authority (2155.185ms)
✔ fresh requested_changes reaches runtime after the prior repair limit without rotating reused authority (1647.607791ms)
✔ fresh lawyer feedback cannot bypass an unsettled charge after the repair limit (923.454125ms)
✔ persisted signup without manufactured failure, ordered sealed approval and retained finalization (1352.023125ms)
✔ distinct event pins the existing harness and closes only against the finalized packet (507.1925ms)
✔ unknown facts block drafting and old reset commands cannot affect reused workspace (1159.326125ms)
✔ material edit invalidates earlier founder approval and requires both gates again (987.689041ms)
✔ source expiry prevents approval even without a background invalidation job (178.987583ms)
ℹ tests 368
ℹ suites 0
ℹ pass 368
ℹ fail 0
ℹ cancelled 0
ℹ skipped 0
ℹ todo 0
ℹ duration_ms 48600.095208
