
> kiara@0.1.0 test
> node --import tsx --test tests/*.test.ts tests/ui/*.test.ts tests/v2-regressions/*.test.ts

✔ protected strategy catalog rejects arbitrary prompts, code, budgets, source or approval changes (1.11325ms)
✔ scripted examples do not manufacture adaptation evidence or promote a prefetch flag (2087.41625ms)
✔ genuine failure categories freeze independent company/document cases and deduplicate automatically (2156.50425ms)
✔ missing credentials leave durable blocked evaluation, zero trials and unchanged champion (2302.79225ms)
✔ in-process six-trial evaluator isolates state and never labels injected successes as live promotion (3872.448666ms)
✔ promotion gates require measured gain, no unseen regression, cost and latency ceilings, provider records (1931.703166ms)
✔ founder corrections and lawyer notes produce distinct bounded strategies without executing feedback text (2195.466166ms)
✔ concurrent workers dispatch one lease and a lost provider result terminates further spending (2404.002917ms)
✔ rollback restores evaluated parent, increments generation, and preserves in-flight pins and history (2483.113042ms)
✔ unverified fact notes do not become facts or improvement instructions, and protected input changes cancel without calls (2398.63025ms)
✔ daily admission cap and promotion recursion depth cannot be overridden by a trigger (2213.799375ms)
✔ proposal agent uses constrained provider output, hides heldouts, and rejects protected mutations (2025.307125ms)
✔ local evaluator identity changes with runtime source and hosted identity requires a deployment commit (336.878459ms)
✔ observed draft plus three complete checks and two checked repairs fit finite window without raising money limits (2.697375ms)
✔ every repair reserves complete checker input/output/cost and request slots before dispatch (2.694083ms)
✔ review planning cannot change hard dollar ceilings or inject unbounded planning values (0.557792ms)
✔ supplied context is versioned, attributed, idempotent and cannot be silently replaced during review (278.667208ms)
✔ context intake rejects duplicate facts, malformed prior document and absent provenance (1.086917ms)
✔ shared operator cap atomically admits at most two concurrent visitors and survives process boundaries (1156.921834ms)
✔ settled IDs cannot dispatch twice, repeat exact settlement is safe, and history cannot lower a charge (91.870584ms)
✔ unknown provider charges retain unused reservation and block all visitors until explicit reconciliation (81.994542ms)
✔ usage above reservation is auditable and closes all further spending (88.706667ms)
✔ actual usage can settle after authorization is disabled but no new dispatch can reserve (104.76775ms)
✔ micro-dollar accounting cannot round a small reservation down through the cap (344.988333ms)
✔ new visitor workspaces cannot reset the shared request rate ceiling (3037.137208ms)
✔ invalid reservations, settlements, authorization and hosted ephemeral storage fail before dispatch (10.888125ms)
✔ operator full-ceiling accounting preserves unknown history and hard cap while releasing independent work (398.053416ms)
✔ operator coverage fails closed on wrong ceilings and late higher usage (276.698708ms)
✔ pre-dispatch recovery retires missing reservation identities before a delayed writer resumes (287.905417ms)
✔ missing dispatched reservation remains globally blocking without explicit reconciliation (121.989166ms)
✔ hosted scheduling deduplicates starts and records the exact run (0.677ms)
✔ new deployment fences old claims but waits for its dispatched step to settle (0.456917ms)
✔ completed workers can restart and crashed starts recover after a bounded wait (0.114417ms)
✔ new epoch cannot inherit a worker ticket (0.053042ms)
▶ hosted login and durable worker preserve protected review gates
  ✔ no automatic remote identity; login requires the matching password and origin (5.399917ms)
  ✔ an authenticated founder cannot switch to lawyer without signing in (21.025792ms)
  ✔ worker drains, pauses at review, resumes the queue, and fences old generations (3828.714916ms)
  ✔ missing Atlas configuration on Vercel fails closed (0.304708ms)
✔ hosted login and durable worker preserve protected review gates (3957.611083ms)
✔ recovery propagates a crashed dispatched attempt to the shared unknown-charge fence (683.718417ms)
✔ recovery releases a crashed pre-dispatch shared reservation without inventing a provider charge (664.374958ms)
✔ durable worker remains alive until a crashed model lease expires and stops after unknown-charge recovery (1663.952083ms)
✔ local workspaces cannot overwrite one another through cookies shared across localhost ports (51.797208ms)
✔ new model and human facts remain untrusted until founder verification; all prior context is retained (1989.457875ms)
✔ new fact values cannot bypass key, size, nesting, or count limits (0.415ms)
✔ new public demo preserves old audit and global spend while enforcing auth, CSRF and active-charge gates (898.4515ms)
✔ preview is durable and never grants lawyer approval (2057.373125ms)
✔ a changed review bundle cancels its old queued notification (489.342167ms)
✔ expired send is unknown, blocks blind retry and preserves the provider key (325.251459ms)
✔ webhook rejects requests when signature configuration is absent (8.895041ms)
▶ persistence: deterministic baseline, atomic transactions, fences and physical records
  ✔ baseline is deterministic and seed twice is a byte-identical no-op (616.006291ms)
  ✔ an exception or async callback cannot commit a partial write (76.101084ms)
  ✔ tenant injection, stale epoch and stale CAS are rejected (94.861792ms)
  ✔ immutable revision edits fail; appending a new sealed revision succeeds (70.46325ms)
  ✔ concurrent independent processes do not lose increments (4707.493917ms)
  ✔ dead-owner lock recovers without manual data deletion (134.683292ms)
  ✔ CA event produces scoped customer, context and durable dispatch rows (111.061292ms)
  ✔ reset retains evaluation campaign reservations and unknown charges (857.283584ms)
  ✔ reset blocks unknown charges and preserves a surviving monotonic guard (499.946917ms)
✔ persistence: deterministic baseline, atomic transactions, fences and physical records (7178.400125ms)
▶ public visitors have isolated, repeatable demos without passwords
  ✔ public bootstrap isolates signed sessions and refuses unscoped access (95.370458ms)
  ✔ role switching is self-service but review order is still required (2271.96575ms)
  ✔ final lawyer approval retains the completed run and isolates visitor history (457.635666ms)
  ✔ manual reset works in lawyer role and old requests cannot revive cleared data (133.223125ms)
  ✔ public mode fails closed if paid generation or delivery is enabled (0.262834ms)
✔ public visitors have isolated, repeatable demos without passwords (3113.668459ms)
✔ F16 numeric local Host reconciles framework URL normalization without trusting forwarded hosts (10.621584ms)
✔ review regression: unresolved model charges survive human-edit validation (1339.045417ms)
✔ review: authenticated early delivery receipts reconcile once when the send response arrives (1375.844417ms)
✔ review regression: verified company facts preserve signup-specific provenance (586.122208ms)
✔ review regression: changed input can start a new settled model ledger (3009.625375ms)
✔ review regression: scripted document edits cannot contradict an explicit no-sale fact (1120.620459ms)
[Resend API Error]: {
  error: {
    name: 'application_error',
    statusCode: null,
    message: 'Unable to fetch data. The request could not be resolved.'
  },
  path: '/emails'
}
✔ review regression: Resend SDK transport errors remain unknown delivery and block reset (1335.488083ms)
✔ review: a later unchanged event closes only against a current sealed finalized packet (3861.781709ms)
✔ review: scripted validation failure escalates without claiming AI repair or hiding the output (2496.829333ms)
✔ review regression: stale document edits reject before mutation while a fresh snapshot succeeds (1208.036666ms)
✔ review regression: a session cannot cross the reset fence while its command body is being read (226.413ms)
✔ review: model fact proposals require current founder verification and retain model attribution (1247.684541ms)
✔ review regression: founder verification of a model fact authorizes a linked run after the settled parent deadline (2445.765125ms)
✔ eleven frozen legal cases execute with unknown/conflict preservation (6.821958ms)
✔ actual citation span, complete evidence, clauses, unknown facts and semantic rules are validated (885.259458ms)
✔ live mode without credentials blocks instead of substituting the scripted revision (778.914959ms)
✔ timeout retains pre-dispatch reservation and prevents reset (1007.506125ms)
✔ crashed dispatched run recovers once without replaying model or discarding charge (1448.366791ms)
✔ budget deadline, request ceiling and unknown-charge reservation cannot reset on reuse (619.425209ms)
✔ provider adapter exercises scoped tools, exact citations, full-law semantic hydration and immutable generated revision (4552.070167ms)
✔ an out-of-scope model tool is blocked before it can mutate state (1461.592709ms)
✔ verified human edit after a settled run deadline starts a linked child and retains immutable costs; automatic repair cannot rotate (2335.175834ms)
✔ founder verification of an attributed model fact proposal authorizes a settled expired child scope without fabricating human feedback (3468.423875ms)
✔ genuine bad output from an injected provider is recorded, repaired with failure feedback, and produces correlated audit records (3677.479792ms)
✔ unparseable provider output stops at the protected repair limit without saving a placeholder candidate (2969.16375ms)
✔ oversized legal retrieval produces a scoped tool error that the agent can correct within the same budget (3414.064416ms)
✔ frozen evaluation runs semantic repair and retains full audit without mutating the supplied state or live store (903.14225ms)
✔ explicit total spending authorization includes evaluation reservations and never exposes credentials (827.17025ms)
✔ acceptance fault injection is rejected outside an explicitly enabled local test before any provider request (845.072917ms)
✔ provider billing failures retain safe actionable codes without retaining raw error messages (1441.448834ms)
✔ recovery retries a persisted unknown attempt even after its workflow was already blocked (1033.186958ms)
✔ explicit founder retry of a settled billing rejection starts a linked run and preserves prior attempts (2278.81325ms)
✔ rate backoff accepts only explicit rate rejections, caps safe headers, and preserves the absolute deadline (2.12225ms)
✔ two explicit rate rejections retry the exact request with distinct settled reservations and audited waits (3718.604417ms)
✔ repeated rate rejections stop after two retries and never extend the run deadline (2358.516167ms)
✔ test retry wait overrides cannot bypass a real provider delay (707.228042ms)
✔ exact legal search computes UTF-16 offsets from pinned text and authorizes only three returned matches (1947.969875ms)
✔ semantic document delta reconstructs all business/legal text and preserves selected citation support bindings (681.810875ms)
✔ semantic packing counts complete balanced batches once, merges when possible, and never omits text (5.962959ms)
✔ semantic packing refuses one oversized complete authority instead of truncating it (1.88775ms)
✔ retrieval rate retries cannot consume the final proposal-emission slot (3219.479667ms)
✔ numeric provider rate diagnostics exclude raw messages, identifiers and unknown headers (0.987917ms)
✔ legal citation chunks preserve literal text, surrogate offsets and explicit capacity continuations (0.631542ms)
✔ incomplete paid-shaped output retains partial bytes and allows only explicit settled founder retry (794.646333ms)
✔ repair rate retries preserve all three independent checker slots (1619.045416ms)
✔ checker capacity failure retains the unaccepted proposal and founder retry validates it without redrafting (1225.043375ms)
✔ opaque citation IDs resolve only exact returned source chunks and reject guessed or changed evidence (0.532458ms)
✔ provider-selected citation IDs become exact audited citations without model-copied offsets or quotes (877.643042ms)
▶ security: HTTP permissions and persisted human-review guards
  ✔ rejects client identity injection, unexpected fields, bad CSRF and cross-origin actions (6.532167ms)
  ✔ lawyer cannot inject company signup (3.987834ms)
  ✔ lawyer-first, stale state and stale bundle approvals are rejected (129.176708ms)
  ✔ source integrity changes invalidate an otherwise matching approval (46.451417ms)
  ✔ replayed same approval does not add another decision (4.426291ms)
  ✔ old notification is canceled after new feedback changes its sealed bundle (376.846042ms)
  ✔ malformed business facts cannot be promoted to verified known facts (167.451792ms)
  ✔ applicability fails closed when a required boolean has invalid type (10.07675ms)
  ✔ old session and stale reset command cannot mutate a new epoch (142.098625ms)
✔ security: HTTP permissions and persisted human-review guards (1959.442ms)
✔ empty and reset workspaces do not invent execution or approval activity (2.958833ms)
✔ stage progression follows saved workflow state rather than elapsed time (0.294833ms)
✔ fact correction restarts progress despite retained historical assessment, checks, and approvals (0.501875ms)
✔ retrieval repairs and proposal repairs stay attached to the checkpoint that failed (0.3425ms)
✔ non-citation validation failures are not described as citation repairs (0.14975ms)
✔ only approvals for the current sealed packet can complete the human checkpoint (0.67625ms)
✔ no-change decisions skip drafting and approvals instead of fabricating successful reviews (1.097084ms)
✔ information and failed-check pauses block the relevant checkpoint (0.085583ms)
✔ requested changes to a sealed packet pause human review without inventing a validation failure (0.071333ms)
✔ snapshot identifies the harness pinned to the run even after champion promotion (0.288458ms)
✔ redline comparison retains every original and proposed clause with exact full text (0.73625ms)
✔ removals and heading-only edits cannot disappear from the redline (0.097791ms)
✔ empty and missing revisions remain honest instead of inventing policy text (0.20675ms)
✔ unknown facts stay distinct from false and zero (10.515334ms)
✔ client surfaces actionable structured API errors without coercing objects (0.139084ms)
✔ a review preview cannot follow a newly polled proposal or lost access (0.343084ms)
✔ an action preview rejects changed recipients/content, dispatch and withdrawn access (0.062875ms)
✔ a counsel decision rejects changed scope, recipient, lifecycle or withdrawn access (0.057417ms)
✔ message acceptance is durable before model dispatch; grounded answer receipts survive replay (1849.005084ms)
✔ same accepted message key is one durable run even after reply completion (320.764417ms)
✔ missing provider credentials and invalid modes fail closed with retained user message (233.919916ms)
✔ shared spending cap prevents dispatch and is never raised by conversation processing (573.310834ms)
✔ provider timeout or unknown failure retains uncertain charge and forbids replay (1051.345959ms)
✔ explicit provider rejection settles reservation without fabricating an answer (1095.384209ms)
✔ source revoked while provider awaits cannot reach review or attach stale response (1006.729958ms)
✔ membership revoked during final support review cannot attach answer (1655.06525ms)
✔ unsupported citation IDs fail before support review; injection text remains untrusted with no tools (976.513583ms)
✔ support reviewer rejects source-injected claims even when citation identity exists (1400.499291ms)
✔ private sources cannot enter another actor retrieval and derived output retains source ACL (836.507541ms)
✔ hypotheses stay isolated; inventory enumerates authorized executed agreements beyond ranking (1370.604208ms)
✔ concurrent worker replays do not invoke the model twice (1552.813ms)
✔ expired running lease conservatively reconciles an interrupted dispatch without another invocation (705.0355ms)
✔ pinned model configuration cannot silently change after message acceptance (459.033459ms)
✔ durable recovery marker survives the crash checkpoint between run terminalization and ledger reconciliation (756.588084ms)
✔ prepared reservation interrupted before dispatch is released without invoking provider (758.994417ms)
✔ source instructions stay in untrusted evidence and cannot gain model tools or command authority (1455.851666ms)
✔ source access changed during token count prevents generation dispatch and reservation (795.63925ms)
✔ a uniquely supplied document supports Explain this contract even without a keyword match (364.377916ms)
✔ source deletion during inference scrubs retained packet and prevents late provider payload storage (1375.878542ms)
✔ uncertain external effects remain required after future work is canceled, and acknowledgment never marks delivery (987.761208ms)
✔ accepted routing moves only factual attention; membership change returns the task and invalidates a delegated decision (855.807458ms)
✔ quiet hours and digest grouping apply to ordinary work, with timezone-aware next delivery (539.286833ms)
✔ required overdue work stays visible after acknowledgment in quiet hours (219.2205ms)
✔ dismissal requires an exact visible item and reappears after the underlying work changes (168.378666ms)
✔ attention hides another owner’s tasks and withdrawn-source content (322.152875ms)
✔ v2 local sessions are signed, origin bound, role limited and explicitly simulated (56.73275ms)
✔ organization browser sign-in binds code, state, PKCE, nonce and provisioned membership (249.916459ms)
✔ OIDC identity verification rejects forged tokens, wrong audience, expiry and unmapped subjects (29.423542ms)
✔ selected scenario sharing discloses only inspected assumptions, never private history or origin IDs (1054.02875ms)
✔ scenario edits immediately stale the approved frozen share instead of disclosing new text (626.403708ms)
✔ recipient membership revision and expiry withdraw scenario viewing (758.834917ms)
✔ sharing cannot promote restricted source access or use stale selections (1032.298416ms)
✔ routing requires existing capacity, recipient acceptance and a separate grantor choice (1258.663333ms)
✔ routing expiry derives the base owner without mutating stored task authority (636.057167ms)
✔ existing conversation links preserve identity and refuse private-to-team scope expansion (875.425417ms)
✔ source deletion redacts selected scenario sharing from current and historical records (1206.256958ms)
✔ a business owner cannot link another user’s private conversation, even when the proposed scopes match (580.558334ms)
✔ counsel intake, fee approval and exact packet sharing are separate recorded decisions (1484.584375ms)
✔ source, recipient membership, explicit revoke and expiry immediately withdraw granted records (5580.876083ms)
✔ counsel returned edits preserve original proposal and require new exact decisions (1731.145458ms)
✔ escalation invalidates prior engagement and access; referral stays unavailable; terminal work cannot revive (1902.284125ms)
✔ sharing an older packet cannot disclose newly revised proposal bytes or added matter tasks (2838.039958ms)
✔ counsel sharing rejects expired, future and malformed bound facts even when versions match (3950.393833ms)
✔ Word review export round-trips body and authority manifest while rejecting malformed archives (56.793208ms)
✔ S3 originals require KMS and a version receipt; repeated upload reconciles the retained version (3.908791ms)
✔ template substitution creates a private unapproved draft without expanding scope or treating values as company facts (684.546375ms)
✔ reimport retains exact original bytes and immutable revisions, rejects stale heads and invalidates dependent decisions (1072.612ms)
✔ signed and effective originals require a separate amendment instead of replacement (729.54925ms)
✔ comparison reconstructs both complete texts and preserves insertions, removals and exceptions (10.810292ms)
✔ pasted document route retains exact bytes, hands off its own revisions, and replays one document (969.027125ms)
✔ multipart reimport preserves both exact originals and stale/CSRF requests cannot attach documents (1568.783125ms)
✔ approved template uses only confirmed mapped fields, remains proposed, accepts once as a new document (1745.337417ms)
✔ unapproved uploaded template and assumed conversation fields cannot qualify (810.056125ms)
✔ field correction and expired or revoked template approval invalidate acceptance (1672.053125ms)
✔ make it shorter uses full exact selected draft, produces reviewable model proposal, and does not replay generation (1935.419542ms)
✔ source instruction cannot introduce commands; invented citation fails before independent review (1216.055167ms)
✔ source revocation while model awaits prevents attaching a draft; charged result remains accounted (1489.761375ms)
✔ signed original gets a separate proposed amendment and current selection changes reject stale draft intent (1946.182416ms)
✔ accepted work plan creates owned typed tasks; unrelated fact cannot satisfy named task (2135.398417ms)
✔ standing route permits only current exact internal preparation; business and publisher authorization still required (2380.383959ms)
✔ local semantic edit is explicit unavailable and selecting another current document cancels pending model intent (1392.028041ms)
✔ source deletion erases derived template and draft payloads while preserving decision identity (1472.86975ms)
✔ bounded draft requests cannot spend beyond the configured shared ceiling (1032.857167ms)
✔ standing internal execution retains exact encrypted bytes once without a per-document legal decision (2309.899416ms)
✔ standing policy expiry during asynchronous preparation blocks final broker dispatch (2624.90225ms)
✔ date mappings reject impossible calendar dates rather than inserting regex-shaped values (1342.08525ms)
✔ a completed semantic proposal cannot be accepted after supplemental document evidence changes (2283.918125ms)
✔ internal document execution retains immutable encrypted bytes and verifies one output across replay (1755.68325ms)
✔ revoked decision, changed subject and lesser role cannot escalate into execution (1611.438417ms)
✔ concurrent retries share a durable intent and dispatch exactly once (1652.401417ms)
✔ source access revoked during preparation prevents the provider call (1727.2355ms)
✔ cancel during preparation prevents dispatch and retains its exact historical intent (1732.389792ms)
✔ cancel after dispatch preserves an uncertain effect and later read-back cannot reopen the matter (1738.112083ms)
✔ email acceptance requires exact tagged delivery read-back; late bounce fails completion (2121.547041ms)
✔ email unknown outcome is never resent and an unrelated receipt cannot complete it (1677.025125ms)
✔ email exact allowlist and configuration failure reject before any effect intent (1146.16175ms)
✔ preview stays pending manual and never downgrades a later attributed manual completion (1666.410917ms)
✔ publication read-back verifies exact authorized destination bytes without publishing (1847.989667ms)
✔ a provider signing-request receipt can never become an executed-original completion (1833.803792ms)
✔ expired prepared checkpoint recovers without dispatch, while a live lease remains untouched (1755.168875ms)
✔ explicit provider rejection is retained and replay cannot dispatch a second request (1637.064709ms)
✔ frozen configured preview rejects changed sender or preview-to-live mode before reserving an effect (1754.929459ms)
✔ dispatcher membership version must still match the preview after preparation even with its role retained (1931.847083ms)
✔ legal obligation introduced during preparation blocks dispatch until its exact deadline basis is reviewed (1731.575375ms)
✔ a delayed delivered read-back cannot overwrite a concurrently recorded terminal delivery failure (1910.7175ms)
✔ durable effect outbox sends only references and local read-back completion never starts another dispatch (2241.063667ms)
✔ background email read-back defers unknown no-receipt effects without another provider call (2063.728875ms)
✔ deleting prepared evidence fails and scrubs the intent before dispatch, including after the prepare resumes (1222.030917ms)
✔ deleting an unknown effect retains a private operational exception until exact readback settles and then scrubs (1100.147125ms)
✔ a readback already in flight cannot restore a terminal receipt payload after deletion (780.364125ms)
✔ internal output readback after deletion does not materialize fresh derivative document payload (600.331166ms)
✔ internal_document terminal deletion preserves encrypted original manifests for the retention worker before clearing artifacts (598.040666ms)
✔ publish terminal deletion preserves encrypted original manifests for the retention worker before clearing artifacts (535.433459ms)
✔ inactive historical receipts lose payload regardless of old uncertainty without changing historical outcome or live operational exception (508.071125ms)
✔ exact embedding tokens preserve multilingual and adversarial special-token text (256.678167ms)
✔ embedding reserves exact tokens under the shared cap and durable replay makes no provider call (626.155917ms)
✔ embedding budget exhaustion prevents dispatch; unknown charges never invoke again (1104.940708ms)
✔ revocation during embedding wait cannot retain or attach the returned vector (993.428333ms)
✔ expired dispatched embedding recovery is durable without a second provider invocation (515.221834ms)
✔ both Atlas branches prefilter tenant, entity and immutable authorized IDs and return no indexed text (24.658917ms)
✔ scoped sync and hybrid fusion hydrate actual retained quotes; replay reuses index embeddings (1607.036834ms)
✔ private and expired evidence cannot enter index query allowlist; stale indexes fail explicitly (585.348458ms)
✔ revocation during search and malicious cross-scope search IDs never reach model context (2046.03225ms)
✔ conversation worker uses accepted run identity for hybrid query then grounded answer and review (2609.937375ms)
✔ expired parent lease during index admission cannot dispatch a query embedding (1482.846583ms)
✔ an old prepared embedding cannot dispatch or mutate a successor admission after recovery (1262.836208ms)
✔ a permanently fenced record cannot be reinserted by an index writer paused across deletion (1375.823625ms)
✔ maintenance stays disabled by default and an explicit standing grant allows scoped member work without admin (1353.16175ms)
✔ standing policy does not authorize private scope or a changed policy or member (966.189208ms)
✔ revocation during embedding preserves accounted cost but cannot write index content (1132.173667ms)
✔ global concurrency delays the same job; a later retry invokes the provider once (2039.283625ms)
✔ budget exhaustion and ambiguous provider failure never trigger automatic resubmission (1691.838584ms)
✔ inventory requires every current head including draft authority, preserves exact counts and does not claim external discovery (943.870167ms)
✔ new current agreement heads invalidate attested completeness; historical drafts cannot satisfy a successor (1040.230041ms)
✔ attestation expiry independently blocks fresh approval and final execution without a record mutation (1669.027084ms)
✔ private attestation evidence is inherited by derived proposal lineage (1053.300625ms)
✔ malformed maintenance policy or missing Atlas configuration never rolls back source or member revocation (883.566083ms)
✔ installation configuration is unavailable when absent, revoked or missing referenced credentials (133.600916ms)
✔ GitHub authenticates raw bytes, installation and selected repo before durable intake (278.108666ms)
✔ installation membership revocation blocks a correctly signed event (242.925375ms)
✔ Slack uses bounded request time, signed team/channel, stable event identity and deletion (369.316125ms)
✔ read adapters use fixed GET origins, selected resources and bounded truthful evidence (104.912208ms)
✔ Drive fetches authorized metadata before content and rejects unselected or unparsed files (114.602542ms)
✔ Drive extraction rejects a revision changed between metadata and content (111.188042ms)
✔ Drive channel notification reads changes and advances cursor only after durable ingestion (695.537125ms)
✔ Drive cursor does not skip a failed extraction or disclose provider response text (106.940417ms)
✔ provider revision replay conflicts instead of overwriting an accepted event (220.18975ms)
✔ outbox acknowledgement loss retries only scoped refs with stable workflow identity (253.910042ms)
✔ outbox dispatcher does not signal legacy-owned or canceled work (231.499542ms)
✔ reconciliation re-reads current state for duplicate/late signals and retains unknown effects after cancellation (405.243792ms)
✔ Temporal missing configuration fails explicitly and workflow source excludes source payload imports (103.7915ms)
✔ conversation activities return status only and local processing commits terminal acknowledgement (332.7995ms)
✔ local runner waits through active lease, retains unknown outcomes, and respects managed owner (291.3335ms)
✔ Temporal dispatch selects conversation workflow by kind and excludes external actions (211.389917ms)
✔ deferred effect reads cannot starve newer local conversation work beyond the batch boundary (268.664583ms)
✔ retained provider evidence becomes unreadable immediately after installation selection or actor revocation (445.487667ms)
✔ Slack deletion revokes retained thread snapshots containing that message (392.154625ms)
✔ server-owned frozen replay measures improvement and records immutable independent receipt (1156.129083ms)
✔ promotion changes later comparable work without reconfirming settled current facts; release evidence resolves the real gate (1993.301417ms)
✔ planned deployment remains distinct and does not trigger a live-claim requirement (1582.40075ms)
✔ rollback is monotonic, identifies affected later work, invalidates its proposal and removes only that behavior (1864.689916ms)
✔ stale evaluator authority, baseline change and reused scope without improvement cannot promote (1275.248042ms)
✔ procedure owner expiry is an explicit blocker and cannot silently remove a promoted safeguard (1343.684458ms)
✔ a private lesson never changes unrelated team work (1193.963583ms)
✔ source verification and coverage qualification are distinct exact-version legal reviewer decisions (827.967791ms)
✔ coverage becomes stale dynamically when source version, reviewer membership or review deadline changes (1060.567917ms)
✔ explicit unsupported coverage remains unavailable and legal clearance is never automatically created (1115.238708ms)
✔ registered authority must preserve source scope and exact domain/jurisdiction inventory (806.294209ms)
✔ renewing a source review does not silently renew old coverage approval; expiry is checked at read time (1459.755167ms)
✔ an already active same-scope rule has no measured improvement and cannot be promoted again (1467.022042ms)
✔ owner can renew an unchanged qualified deterministic rule after its review deadline (1582.836084ms)
✔ candidate authors never receive holdout names, labels, outputs or test evidence; independent evaluators can inspect (1070.288417ms)
✔ F07 supplied context lineage survives an attributed fact correction and later supplied work (1591.966709ms)
✔ F08 model fact verification rejects an originating snapshot made stale by human correction (1456.514208ms)
✔ F12 blocked work can be withdrawn once without dropping uncertain effects or permitting stale intent (1933.465709ms)
✔ monitor admission requires exact protected URL policy and reads never claim applicability (1175.811459ms)
✔ observed change preserves bytes, expires source freshness and needs exact human applicability before targeting work (1953.169958ms)
✔ source or member withdrawal while a public read is pending prevents observed payload admission (1015.9175ms)
✔ bounded extraction and public address policy reject binary, private and mapped destinations (10.838875ms)
✔ unsupported and oversized reads remain blocked; deletion removes the staged observed payload and stops its watch (2103.030833ms)
✔ legal maintenance local worker reads the approved source and keeps a bounded durable watch without approving applicability (543.681083ms)
✔ legal watch managed references contain no URL and mismatched tenant/job cannot reach processor (211.700209ms)
✔ migration dry run is inert; archive import is restartable and preserves exact legacy bytes without dispatch ownership (248.575333ms)
✔ originals use authenticated encryption and cannot be read across tenant scope (139.273459ms)
✔ same-byte upload after key rotation preserves old ciphertext and both recoverable references (193.432334ms)
✔ normalization round-trips optional collections, durable receipts and outbox without identity loss (7.87475ms)
✔ normalized integrity rejects mixed tenant, generation, content, ordering or unexpected records (0.631334ms)
✔ normalized diff touches changed records only and preserves append ordering (0.4535ms)
✔ normalized storage removes aggregate BSON ceiling but enforces individual record allowance (148.0965ms)
✔ migration dry-run plan is deterministic, binds exact state and never dispatches effects (0.707958ms)
✔ empty normalized bootstrap contends on the same aggregate tenant key (0.382542ms)
✔ contractual dates require exact source and legal review; reminders and manual fulfillment stay distinct (1347.821167ms)
✔ stale deadline source or reviewer authority blocks action and closure; source revocation hides derived dates (1114.654875ms)
✔ deadline proposal rejects false source quotes, ambiguous dates and inaccessible owners (828.447959ms)
✔ effort totals count all stages once, distinguish estimates, retain supersession and reject overlapping timers (1760.44225ms)
✔ amendment inherits exact original scope and retains its source lineage (745.082625ms)
✔ empty workspace, useful first response, and separate hypothetical memory (572.4565ms)
✔ ambiguous approval and unconfirmed voice cannot mutate consequential records (390.174833ms)
✔ unauthorized corrections remain candidates and stale proposals cannot replace a newer fact (1183.451791ms)
✔ personal preference applies immediately without leaking to other members (561.511875ms)
✔ selected-team ACL and source lineage deny content to another team member and tenant (742.63775ms)
✔ restricted counsel sees only explicitly allowed matter records and their scoped sources (818.503125ms)
✔ revocation immediately denies derived summaries with stale content still retained (476.371542ms)
✔ command retry remains idempotent after restart and stale concurrent command conflicts (369.965208ms)
✔ review binds exact proposal and conditioned or expired approvals cannot authorize effects (1640.658541ms)
✔ manual outcome remains pending until evidence, no-counsel route stays open, and cancellation cannot revive (2019.110333ms)
✔ action-specific manual evidence closes work; runtime completion enum and signing-original checks fail closed (1815.476792ms)
✔ no-action cannot close unresolved effects or required tasks (1835.71025ms)
✔ expired sessions, revoked membership and authenticated unknown users cannot use bootstrap claims (461.797292ms)
✔ provider events require installation authority, deduplicate and link to one existing matter (617.3295ms)
✔ deletion tombstones survive backup dry run, tampered backup is rejected, restore is restartable (491.550875ms)
✔ learning requires an independent evaluator and owner with frozen evidence identity (1297.508916ms)
✔ private confirmed facts cannot leak through a team response or proposal and cannot overwrite team truth (1437.015917ms)
✔ source originals are bound only through trusted upload metadata, never a client command property (265.03075ms)
✔ expired authorization and absent signed original keep consequential work pending (1409.25825ms)
✔ a superseded confirmed fact keeps historical matter access while current proposals must be rebuilt (890.175917ms)
✔ required business and legal tasks stay open with named owners until current unconditioned decisions (833.865292ms)
✔ time-expired or future facts cannot authorize a current proposal and reprepare omits them (650.402291ms)
✔ removed evidence has a minimal owner control view and another member cannot infer it (1382.989541ms)
✔ withdrawal cancels future effects while preserving uncertain effects and reconciliation (1204.844791ms)
✔ revoked or narrowed membership cannot use recovery controls (1203.006333ms)
✔ F03 source recheck suspends approval before fetch and preserves the failure across packets (1919.924084ms)
✔ F03 successful corpus recheck preserves queued siblings without evidence (1864.908458ms)
✔ F04 exact selected quote and clause bindings reach semantic review (1504.758833ms)
✔ F05 arbitrary, missing, unknown or extra exemption fields cannot satisfy screening (0.805208ms)
✔ F06 each verified alternative route survives false direct-business prerequisites (1.273959ms)
✔ F09 blocked campaigns remain scheduled and expire through the ordinary worker (3048.87175ms)
✔ F10 sending-only notification keeps watchdog alive then resolves to unknown without another send (3007.879375ms)
✔ F11 count rejection creates no generation attempt and supports explicit settled retry (2046.11875ms)
✔ F13 selected suggestion has its own exact campaign and repeated requests retain identity (1756.030333ms)
✔ F15 signed out-of-order callbacks converge and never downgrade delivery or bounce (1907.0185ms)
✔ F17 paid operation scripts cannot raise configured authorization (1.704833ms)
✔ F18 strategies use supplied complete facts and baseline without mandatory rereads (0.209208ms)
✔ deletion atomically retains a refs-only outbox and the local worker completes real application cleanup (810.154375ms)
✔ retention rejects cross-job or modified references and never exposes object identities in progress (319.1635ms)
✔ future holds use bounded durable wakeups and local deferred work resumes after settlement (428.889333ms)
✔ managed lost-ack replay preserves deletion identity and only sends opaque references (583.363833ms)
✔ an unavailable earlier effect cannot starve later deletion cleanup in the local worker (799.754083ms)
✔ abandoned intake retains its cleanup owner and the actual local worker purges expired encrypted bytes (841.545ms)
✔ an original write with no retained acknowledgement stays pending for explicit reconciliation (787.320167ms)
✔ artifact workflow dispatch carries no original reference and validates scoped intake identity before processing (538.869333ms)
✔ standing-policy index jobs dispatch only opaque references and terminal uncertainty never retries provider work (509.28275ms)
✔ deletion propagates through records and audit payloads while exposing only safe pending-retention status (1354.606625ms)
✔ uncertain effects remain protected exceptions until settled, then repeated cleanup erases the payload (1694.184958ms)
✔ local original deletion is tenant scoped, exact, verified and replayable (155.480375ms)
✔ S3 purge targets the retained version, verifies absence and never treats forbidden/readback as success (16.582375ms)
✔ original intake hands off only its own storage revisions and abandoned bytes are fenced before cleanup (1461.65675ms)
✔ retention worker honors original delay, shared pending intake and hold, then verifies exact purge (2293.392333ms)
✔ revoked-source owner controls allow a later scoped deletion without recovering content (1457.700125ms)
✔ pending intake blocks physical purge by content identity and deleted bytes cannot be re-created by later intake (1484.460541ms)
✔ interrupted original writes require exact verified manifest recovery before orphan cleanup (809.5395ms)
✔ an orphan purge claim fences all same-byte intakes until its exact deletion finishes (982.756166ms)
✔ signed selected thread continues one conversation, pins lineage and delivers exact reply once with verified readback (1383.372958ms)
✔ bot messages never loop back into source ingestion and signed unmapped identities cannot impersonate the bound actor (326.142125ms)
✔ historical web content cannot be reclassified as a Slack audience and canonical audience recursion rejects private dependencies (548.942292ms)
✔ destination retrieval excludes an actor private contract and company fact before forming a local answer (990.326208ms)
✔ lost acknowledgement reconciles by opaque metadata and exact bot/thread/content, never by absence or resend (1972.902416ms)
✔ configuration and actor membership changes during asynchronous preflight prevent the first provider post (1478.77475ms)
✔ source edit or deletion after accepted input blocks unsent reply; mismatched provider readback stays uncertain (1620.023584ms)
✔ DM bindings keep the exact destination and concurrent workers can admit only one post (929.408667ms)
✔ outbox dispatch and local worker carry only reply references and reject substituted message identity (1338.433042ms)
✔ answer dependency changes during preflight block stale local facts and superseded document heads (923.17125ms)
✔ delivery projection distinguishes unknown completion and never leaks destination or body to another member (850.082917ms)
✔ later-page duplicate receipt metadata cannot establish unique delivery (711.902583ms)
✔ model packet excludes private transitive evidence, including same-audience facts with private sources (2383.022ms)
✔ configuration revocation during counted model admission prevents generation (1186.40775ms)
✔ hybrid query restricts prefilters to the channel audience before embedding and search (1660.509625ms)
✔ source deletion propagates to Slack scenario assumptions and current user dependencies (766.532625ms)
✔ browser cannot forge channel provenance or use an outdated source-revocation version (454.348542ms)
✔ late ordered Drive revision preserves current proposal, approvals and one current queue (928.849083ms)
✔ newer source invalidates dependent proposal but preserves scoped historical access and blocks old fact confirmation (756.988084ms)
✔ same revision conflicting bytes rejects atomically; identical delivery aliases do not duplicate sources or effects (343.56975ms)
✔ opaque GitHub heads conflict regardless event time and only stable scoped read selects a current head (493.874ms)
✔ withdrawn current object cannot fall back, late events cannot restore it, historical source remains audit-readable (505.167167ms)
✔ verified ordered provider read cannot regress a known newer revision (215.315667ms)
✔ Slack edits order per message, late old edit does not displace newer evidence (258.352167ms)
✔ complete Slack thread refresh after deletion preserves withdrawn message fence and replay does not revoke fresh snapshot (566.518708ms)
✔ current evidence recheck rejects newly historical dependencies while new retrieval excludes old facts and prompt history (647.186209ms)
✔ known deleted Slack message cannot reappear in a different verified thread snapshot or retained readable aggregate (460.589667ms)
✔ manual withdrawal of a signed message hides its existing active aggregate immediately (506.1825ms)
✔ historical Slack deletion relation is exact to installation, channel, revision and bytes (277.766917ms)
✔ attributed current message deletion physically clears aggregate payload and leaves unrelated malformed evidence alone (412.178666ms)
✔ deleting only a historical message revision purges its matching snapshot while preserving newer thread bytes (505.630459ms)
✔ independent frozen clause includes referenced exception, defined term and its schedule without changing original bytes (3.578709ms)
✔ malformed and adversarial headings remain literal source slices without fabricated exception applicability (0.441958ms)
✔ bounded cross-reference expansion reports missing context rather than claiming complete review (0.114458ms)
✔ source parsing preserves exact UTF-16 anchors, heading siblings and bounded complete Unicode (17.473833ms)
✔ a notice clause brings its exact definitions, exception and referenced schedule table (8.862916ms)
✔ bounded expansion reports omissions and handles repeated references without inventing source text (23.786166ms)
✔ both local and selected hybrid evidence hydrate structured source slices and bounded supporting context (377.920667ms)
✔ packet bound reports truncation while agreement inventory stays exhaustive (1041.828542ms)
✔ unseen request email and URL cannot pass by citing the right fact ID with the wrong prose (830.680542ms)
✔ required disclosure validation supports arbitrary document, clause and fact identities (752.198167ms)
✔ unseen unrelated clauses remain protected even with valid citations and a passing semantic verdict (787.591042ms)
✔ live intake preserves supplied facts and blocks paid drafting until source recheck (419.918209ms)
✔ immutable redline reconstructs exact prior and candidate wording and retains unfamiliar content (630.041333ms)
✔ lawyer interpretation feedback retains attribution and invalidates both approvals without changing facts (1348.622708ms)
✔ stale fact correction cannot overwrite a later verified company context (610.843959ms)
✔ pinned context tampering fails approval even if the candidate and bundle are unchanged (438.140833ms)
✔ unsupported jurisdiction and future rule period escalate instead of issuing no-change decisions (227.399583ms)
✔ disclosure coverage accepts combined sections while reporting missing topics (353.198917ms)
✔ fresh legal_interpretation_note reaches runtime after the prior repair limit without rotating reused authority (1491.358208ms)
✔ fresh requested_changes reaches runtime after the prior repair limit without rotating reused authority (866.17ms)
✔ fresh lawyer feedback cannot bypass an unsettled charge after the repair limit (524.565667ms)
✔ persisted signup without manufactured failure, ordered sealed approval and retained finalization (1242.166291ms)
✔ distinct event pins the existing harness and closes only against the finalized packet (518.84975ms)
✔ unknown facts block drafting and old reset commands cannot affect reused workspace (1087.796625ms)
✔ material edit invalidates earlier founder approval and requires both gates again (923.891875ms)
✔ source expiry prevents approval even without a background invalidation job (114.707875ms)
ℹ tests 433
ℹ suites 0
ℹ pass 433
ℹ fail 0
ℹ cancelled 0
ℹ skipped 0
ℹ todo 0
ℹ duration_ms 55160.795541
