
> kiara@0.1.0 test
> node --import tsx --test tests/*.test.ts tests/ui/*.test.ts tests/v2-regressions/*.test.ts

✔ protected strategy catalog rejects arbitrary prompts, code, budgets, source or approval changes (2.973916ms)
✔ scripted examples do not manufacture adaptation evidence or promote a prefetch flag (4620.849166ms)
✔ genuine failure categories freeze independent company/document cases and deduplicate automatically (2052.405208ms)
✔ missing credentials leave durable blocked evaluation, zero trials and unchanged champion (1982.661459ms)
✔ in-process six-trial evaluator isolates state and never labels injected successes as live promotion (3606.600709ms)
✔ promotion gates require measured gain, no unseen regression, cost and latency ceilings, provider records (1942.642125ms)
✔ founder corrections and lawyer notes produce distinct bounded strategies without executing feedback text (2064.275583ms)
✔ concurrent workers dispatch one lease and a lost provider result terminates further spending (2382.760791ms)
✔ rollback restores evaluated parent, increments generation, and preserves in-flight pins and history (2313.799417ms)
✔ unverified fact notes do not become facts or improvement instructions, and protected input changes cancel without calls (3113.738042ms)
✔ daily admission cap and promotion recursion depth cannot be overridden by a trigger (2231.390584ms)
✔ proposal agent uses constrained provider output, hides heldouts, and rejects protected mutations (1759.163333ms)
✔ local evaluator identity changes with runtime source and hosted identity requires a deployment commit (327.747333ms)
✔ observed draft plus three complete checks and two checked repairs fit finite window without raising money limits (3.950292ms)
✔ every repair reserves complete checker input/output/cost and request slots before dispatch (2.552792ms)
✔ review planning cannot change hard dollar ceilings or inject unbounded planning values (0.454125ms)
✔ supplied context is versioned, attributed, idempotent and cannot be silently replaced during review (737.364458ms)
✔ context intake rejects duplicate facts, malformed prior document and absent provenance (4.244667ms)
✔ shared operator cap atomically admits at most two concurrent visitors and survives process boundaries (2454.520167ms)
✔ settled IDs cannot dispatch twice, repeat exact settlement is safe, and history cannot lower a charge (165.545334ms)
✔ unknown provider charges retain unused reservation and block all visitors until explicit reconciliation (244.223708ms)
✔ usage above reservation is auditable and closes all further spending (189.298458ms)
✔ actual usage can settle after authorization is disabled but no new dispatch can reserve (107.088459ms)
✔ micro-dollar accounting cannot round a small reservation down through the cap (119.174625ms)
✔ new visitor workspaces cannot reset the shared request rate ceiling (2127.357708ms)
✔ invalid reservations, settlements, authorization and hosted ephemeral storage fail before dispatch (4.144709ms)
✔ operator full-ceiling accounting preserves unknown history and hard cap while releasing independent work (419.244958ms)
✔ operator coverage fails closed on wrong ceilings and late higher usage (387.495667ms)
✔ pre-dispatch recovery retires missing reservation identities before a delayed writer resumes (220.805375ms)
✔ missing dispatched reservation remains globally blocking without explicit reconciliation (110.042625ms)
✔ hosted scheduling deduplicates starts and records the exact run (0.704625ms)
✔ new deployment fences old claims but waits for its dispatched step to settle (0.559959ms)
✔ completed workers can restart and crashed starts recover after a bounded wait (0.152792ms)
✔ new epoch cannot inherit a worker ticket (0.063916ms)
▶ hosted login and durable worker preserve protected review gates
  ✔ no automatic remote identity; login requires the matching password and origin (5.581875ms)
  ✔ an authenticated founder cannot switch to lawyer without signing in (49.19675ms)
  ✔ worker drains, pauses at review, resumes the queue, and fences old generations (3816.382167ms)
  ✔ missing Atlas configuration on Vercel fails closed (0.305209ms)
✔ hosted login and durable worker preserve protected review gates (4226.414125ms)
✔ recovery propagates a crashed dispatched attempt to the shared unknown-charge fence (1004.770084ms)
✔ recovery releases a crashed pre-dispatch shared reservation without inventing a provider charge (626.90275ms)
✔ durable worker remains alive until a crashed model lease expires and stops after unknown-charge recovery (1323.363208ms)
✔ local workspaces cannot overwrite one another through cookies shared across localhost ports (21.164959ms)
✔ new model and human facts remain untrusted until founder verification; all prior context is retained (4556.997125ms)
✔ new fact values cannot bypass key, size, nesting, or count limits (0.338208ms)
✔ new public demo preserves old audit and global spend while enforcing auth, CSRF and active-charge gates (1277.899334ms)
✔ preview is durable and never grants lawyer approval (4815.074625ms)
✔ a changed review bundle cancels its old queued notification (639.952208ms)
✔ expired send is unknown, blocks blind retry and preserves the provider key (336.824667ms)
✔ webhook rejects requests when signature configuration is absent (9.563208ms)
▶ persistence: deterministic baseline, atomic transactions, fences and physical records
  ✔ baseline is deterministic and seed twice is a byte-identical no-op (742.084959ms)
  ✔ an exception or async callback cannot commit a partial write (35.921042ms)
  ✔ tenant injection, stale epoch and stale CAS are rejected (317.839166ms)
  ✔ immutable revision edits fail; appending a new sealed revision succeeds (304.055208ms)
  ✔ concurrent independent processes do not lose increments (5704.51625ms)
  ✔ dead-owner lock recovers without manual data deletion (119.71625ms)
  ✔ CA event produces scoped customer, context and durable dispatch rows (102.287083ms)
  ✔ reset retains evaluation campaign reservations and unknown charges (397.770709ms)
  ✔ reset blocks unknown charges and preserves a surviving monotonic guard (361.542834ms)
✔ persistence: deterministic baseline, atomic transactions, fences and physical records (8116.685375ms)
▶ public visitors have isolated, repeatable demos without passwords
  ✔ public bootstrap isolates signed sessions and refuses unscoped access (69.63775ms)
  ✔ role switching is self-service but review order is still required (1822.999875ms)
  ✔ final lawyer approval retains the completed run and isolates visitor history (457.382542ms)
  ✔ manual reset works in lawyer role and old requests cannot revive cleared data (112.846875ms)
  ✔ public mode fails closed if paid generation or delivery is enabled (0.278917ms)
✔ public visitors have isolated, repeatable demos without passwords (2665.425667ms)
✔ F16 numeric local Host reconciles framework URL normalization without trusting forwarded hosts (15.162958ms)
✔ review regression: unresolved model charges survive human-edit validation (1095.227959ms)
✔ review: authenticated early delivery receipts reconcile once when the send response arrives (1220.713708ms)
✔ review regression: verified company facts preserve signup-specific provenance (565.705334ms)
✔ review regression: changed input can start a new settled model ledger (2115.170333ms)
✔ review regression: scripted document edits cannot contradict an explicit no-sale fact (1208.974625ms)
[Resend API Error]: {
  error: {
    name: 'application_error',
    statusCode: null,
    message: 'Unable to fetch data. The request could not be resolved.'
  },
  path: '/emails'
}
✔ review regression: Resend SDK transport errors remain unknown delivery and block reset (1232.443334ms)
✔ review: a later unchanged event closes only against a current sealed finalized packet (3968.745416ms)
✔ review: scripted validation failure escalates without claiming AI repair or hiding the output (2248.927334ms)
✔ review regression: stale document edits reject before mutation while a fresh snapshot succeeds (1085.133709ms)
✔ review regression: a session cannot cross the reset fence while its command body is being read (222.028709ms)
✔ review: model fact proposals require current founder verification and retain model attribution (1293.63675ms)
✔ review regression: founder verification of a model fact authorizes a linked run after the settled parent deadline (3068.643208ms)
✔ eleven frozen legal cases execute with unknown/conflict preservation (3.698542ms)
✔ actual citation span, complete evidence, clauses, unknown facts and semantic rules are validated (689.7905ms)
✔ live mode without credentials blocks instead of substituting the scripted revision (521.992625ms)
✔ timeout retains pre-dispatch reservation and prevents reset (1074.275334ms)
✔ crashed dispatched run recovers once without replaying model or discarding charge (967.293917ms)
✔ budget deadline, request ceiling and unknown-charge reservation cannot reset on reuse (507.11ms)
✔ provider adapter exercises scoped tools, exact citations, full-law semantic hydration and immutable generated revision (4323.426083ms)
✔ an out-of-scope model tool is blocked before it can mutate state (1453.4425ms)
✔ verified human edit after a settled run deadline starts a linked child and retains immutable costs; automatic repair cannot rotate (2290.001625ms)
✔ founder verification of an attributed model fact proposal authorizes a settled expired child scope without fabricating human feedback (3014.4675ms)
✔ genuine bad output from an injected provider is recorded, repaired with failure feedback, and produces correlated audit records (4216.463041ms)
✔ unparseable provider output stops at the protected repair limit without saving a placeholder candidate (2577.175875ms)
✔ oversized legal retrieval produces a scoped tool error that the agent can correct within the same budget (3463.007416ms)
✔ frozen evaluation runs semantic repair and retains full audit without mutating the supplied state or live store (703.07ms)
✔ explicit total spending authorization includes evaluation reservations and never exposes credentials (615.476958ms)
✔ acceptance fault injection is rejected outside an explicitly enabled local test before any provider request (635.749667ms)
✔ provider billing failures retain safe actionable codes without retaining raw error messages (1196.008833ms)
✔ recovery retries a persisted unknown attempt even after its workflow was already blocked (842.362041ms)
✔ explicit founder retry of a settled billing rejection starts a linked run and preserves prior attempts (2339.581041ms)
✔ rate backoff accepts only explicit rate rejections, caps safe headers, and preserves the absolute deadline (1.66825ms)
✔ two explicit rate rejections retry the exact request with distinct settled reservations and audited waits (3065.372292ms)
✔ repeated rate rejections stop after two retries and never extend the run deadline (2130.895416ms)
✔ test retry wait overrides cannot bypass a real provider delay (638.936125ms)
✔ exact legal search computes UTF-16 offsets from pinned text and authorizes only three returned matches (1759.406ms)
✔ semantic document delta reconstructs all business/legal text and preserves selected citation support bindings (638.232209ms)
✔ semantic packing counts complete balanced batches once, merges when possible, and never omits text (6.626667ms)
✔ semantic packing refuses one oversized complete authority instead of truncating it (2.830083ms)
✔ retrieval rate retries cannot consume the final proposal-emission slot (3545.327333ms)
✔ numeric provider rate diagnostics exclude raw messages, identifiers and unknown headers (0.807583ms)
✔ legal citation chunks preserve literal text, surrogate offsets and explicit capacity continuations (0.583917ms)
✔ incomplete paid-shaped output retains partial bytes and allows only explicit settled founder retry (1511.462166ms)
✔ repair rate retries preserve all three independent checker slots (4431.315125ms)
✔ checker capacity failure retains the unaccepted proposal and founder retry validates it without redrafting (3254.093459ms)
✔ opaque citation IDs resolve only exact returned source chunks and reject guessed or changed evidence (0.625625ms)
✔ provider-selected citation IDs become exact audited citations without model-copied offsets or quotes (2919.85875ms)
▶ security: HTTP permissions and persisted human-review guards
  ✔ rejects client identity injection, unexpected fields, bad CSRF and cross-origin actions (5.448666ms)
  ✔ lawyer cannot inject company signup (3.047792ms)
  ✔ lawyer-first, stale state and stale bundle approvals are rejected (115.009417ms)
  ✔ source integrity changes invalidate an otherwise matching approval (40.707125ms)
  ✔ replayed same approval does not add another decision (7.118584ms)
  ✔ old notification is canceled after new feedback changes its sealed bundle (420.057375ms)
  ✔ malformed business facts cannot be promoted to verified known facts (186.989542ms)
  ✔ applicability fails closed when a required boolean has invalid type (8.187708ms)
  ✔ old session and stale reset command cannot mutate a new epoch (127.434292ms)
✔ security: HTTP permissions and persisted human-review guards (1780.639625ms)
✔ empty and reset workspaces do not invent execution or approval activity (2.06225ms)
✔ stage progression follows saved workflow state rather than elapsed time (0.233167ms)
✔ fact correction restarts progress despite retained historical assessment, checks, and approvals (0.351208ms)
✔ retrieval repairs and proposal repairs stay attached to the checkpoint that failed (0.061542ms)
✔ non-citation validation failures are not described as citation repairs (0.112834ms)
✔ only approvals for the current sealed packet can complete the human checkpoint (1.271041ms)
✔ no-change decisions skip drafting and approvals instead of fabricating successful reviews (0.297583ms)
✔ information and failed-check pauses block the relevant checkpoint (0.067459ms)
✔ requested changes to a sealed packet pause human review without inventing a validation failure (0.177959ms)
✔ snapshot identifies the harness pinned to the run even after champion promotion (0.367417ms)
✔ redline comparison retains every original and proposed clause with exact full text (0.544083ms)
✔ removals and heading-only edits cannot disappear from the redline (0.074042ms)
✔ empty and missing revisions remain honest instead of inventing policy text (0.182417ms)
✔ unknown facts stay distinct from false and zero (9.55975ms)
✔ client surfaces actionable structured API errors without coercing objects (0.132ms)
✔ a review preview cannot follow a newly polled proposal or lost access (0.354542ms)
✔ an action preview rejects changed recipients/content, dispatch and withdrawn access (0.071584ms)
✔ a counsel decision rejects changed scope, recipient, lifecycle or withdrawn access (0.058ms)
✔ message acceptance is durable before model dispatch; grounded answer receipts survive replay (1378.48025ms)
✔ same accepted message key is one durable run even after reply completion (273.1935ms)
✔ missing provider credentials and invalid modes fail closed with retained user message (310.916625ms)
✔ shared spending cap prevents dispatch and is never raised by conversation processing (540.549584ms)
✔ provider timeout or unknown failure retains uncertain charge and forbids replay (1021.001541ms)
✔ explicit provider rejection settles reservation without fabricating an answer (925.848958ms)
✔ source revoked while provider awaits cannot reach review or attach stale response (1190.845667ms)
✔ membership revoked during final support review cannot attach answer (1550.589291ms)
✔ unsupported citation IDs fail before support review; injection text remains untrusted with no tools (995.155042ms)
✔ support reviewer rejects source-injected claims even when citation identity exists (1450.170209ms)
✔ private sources cannot enter another actor retrieval and derived output retains source ACL (771.598875ms)
✔ hypotheses stay isolated; inventory enumerates authorized executed agreements beyond ranking (1190.266208ms)
✔ concurrent worker replays do not invoke the model twice (1457.181791ms)
✔ expired running lease conservatively reconciles an interrupted dispatch without another invocation (714.52625ms)
✔ pinned model configuration cannot silently change after message acceptance (607.593333ms)
✔ durable recovery marker survives the crash checkpoint between run terminalization and ledger reconciliation (802.839917ms)
✔ prepared reservation interrupted before dispatch is released without invoking provider (839.671125ms)
✔ source instructions stay in untrusted evidence and cannot gain model tools or command authority (1684.60625ms)
✔ source access changed during token count prevents generation dispatch and reservation (682.3985ms)
✔ a uniquely supplied document supports Explain this contract even without a keyword match (332.068583ms)
✔ source deletion during inference scrubs retained packet and prevents late provider payload storage (1383.506667ms)
✔ uncertain external effects remain required after future work is canceled, and acknowledgment never marks delivery (525.875875ms)
✔ accepted routing moves only factual attention; membership change returns the task and invalidates a delegated decision (686.5985ms)
✔ quiet hours and digest grouping apply to ordinary work, with timezone-aware next delivery (219.641875ms)
✔ required overdue work stays visible after acknowledgment in quiet hours (143.505042ms)
✔ dismissal requires an exact visible item and reappears after the underlying work changes (187.209916ms)
✔ attention hides another owner’s tasks and withdrawn-source content (192.17025ms)
✔ child effect attention cannot expose a withdrawn parent matter (135.8275ms)
✔ stale completed work routes attention to the current delegated owner (155.022667ms)
✔ v2 local sessions are signed, origin bound, role limited and explicitly simulated (44.593959ms)
✔ organization browser sign-in binds code, state, PKCE, nonce and provisioned membership for / (231.663042ms)
✔ organization browser sign-in binds code, state, PKCE, nonce and provisioned membership for /review/attention (206.197125ms)
✔ OIDC identity verification rejects forged tokens, wrong audience, expiry and unmapped subjects (13.605667ms)
✔ selected scenario sharing discloses only inspected assumptions, never private history or origin IDs (756.081583ms)
✔ scenario edits immediately stale the approved frozen share instead of disclosing new text (576.917ms)
✔ recipient membership revision and expiry withdraw scenario viewing (1052.668875ms)
✔ sharing cannot promote restricted source access or use stale selections (984.72825ms)
✔ routing requires existing capacity, recipient acceptance and a separate grantor choice (946.524375ms)
✔ routing expiry derives the base owner without mutating stored task authority (735.482792ms)
✔ existing conversation links preserve identity and refuse private-to-team scope expansion (936.810666ms)
✔ source deletion redacts selected scenario sharing from current and historical records (1088.134292ms)
✔ a business owner cannot link another user’s private conversation, even when the proposed scopes match (559.736333ms)
✔ declarations and candidates do not become facts; exact confirmation preserves planned status and stable subject identity (9.438084ms)
✔ ordinary members cannot confirm identities or relationships; cross-tenant and stale intent remain blocked (0.57275ms)
✔ nested private evidence cannot be laundered into a team relationship (0.312958ms)
✔ changed proof or declared identity prevents stale confirmation and relationship fact reuse (1.008708ms)
✔ relationship evidence binds current document revision, not a similarly named replacement (0.629417ms)
✔ effective periods, conflict replacement and exact graph audiences remain explicit (1.07175ms)
✔ a named owner must be able to read the declared entity under current membership restrictions (0.131084ms)
✔ effective dates reject impossible calendar normalization and root declarations do not leave denormalized name copies (0.349625ms)
✔ counsel intake, fee approval and exact packet sharing are separate recorded decisions (1668.156333ms)
✔ source, recipient membership, explicit revoke and expiry immediately withdraw granted records (5353.27825ms)
✔ counsel returned edits preserve original proposal and require new exact decisions (1693.217584ms)
✔ escalation invalidates prior engagement and access; referral stays unavailable; terminal work cannot revive (1777.207042ms)
✔ sharing an older packet cannot disclose newly revised proposal bytes or added matter tasks (2872.843042ms)
✔ counsel sharing rejects expired, future and malformed bound facts even when versions match (3840.734542ms)
✔ Word review export round-trips body and authority manifest while rejecting malformed archives (55.596375ms)
✔ S3 originals require KMS and a version receipt; repeated upload reconciles the retained version (1.865375ms)
✔ template substitution creates a private unapproved draft without expanding scope or treating values as company facts (827.814291ms)
✔ reimport retains exact original bytes and immutable revisions, rejects stale heads and invalidates dependent decisions (1064.397125ms)
✔ signed and effective originals require a separate amendment instead of replacement (597.24075ms)
✔ comparison reconstructs both complete texts and preserves insertions, removals and exceptions (9.1445ms)
✔ pasted document route retains exact bytes, hands off its own revisions, and replays one document (1066.366791ms)
✔ multipart reimport preserves both exact originals and stale/CSRF requests cannot attach documents (1415.723834ms)
✔ approved template uses only confirmed mapped fields, remains proposed, accepts once as a new document (1655.545917ms)
✔ unapproved uploaded template and assumed conversation fields cannot qualify (793.523208ms)
✔ field correction and expired or revoked template approval invalidate acceptance (1837.303458ms)
✔ make it shorter uses full exact selected draft, produces reviewable model proposal, and does not replay generation (1975.8445ms)
✔ source instruction cannot introduce commands; invented citation fails before independent review (1144.073292ms)
✔ source revocation while model awaits prevents attaching a draft; charged result remains accounted (1493.891458ms)
✔ signed original gets a separate proposed amendment and current selection changes reject stale draft intent (1944.391792ms)
✔ accepted work plan creates owned typed tasks; unrelated fact cannot satisfy named task (3979.931542ms)
✔ standing route permits only current exact internal preparation; business and publisher authorization still required (2185.651209ms)
✔ local semantic edit is explicit unavailable and selecting another current document cancels pending model intent (1148.539541ms)
✔ source deletion erases derived template and draft payloads while preserving decision identity (1543.28525ms)
✔ bounded draft requests cannot spend beyond the configured shared ceiling (1009.750333ms)
✔ standing internal execution retains exact encrypted bytes once without a per-document legal decision (2182.204583ms)
✔ standing policy expiry during asynchronous preparation blocks final broker dispatch (1902.714ms)
✔ date mappings reject impossible calendar dates rather than inserting regex-shaped values (1319.553542ms)
✔ a completed semantic proposal cannot be accepted after supplemental document evidence changes (2528.660167ms)
✔ receiving signature, alias and stable provider identity precede any account read or durable source (291.974125ms)
✔ configured authenticated sender admits private unknown-authority evidence with exact tracked original and no action (680.92975ms)
✔ unknown sender stays outside retrieval until exact authenticated owner review; another admin cannot accept (989.862458ms)
✔ copied forwarding identity, missing provider authentication and HTML-only bodies cannot auto-admit (1549.827875ms)
✔ unselected raw origin and receiving alias fail closed without downloading or attaching source (579.588958ms)
✔ owner membership change during provider read prevents retained intake attachment and source eligibility (473.88725ms)
✔ concurrent workers share one read lease and deletion prevents readback replay from restoring retained email (797.638167ms)
✔ installation and alias selection revocation immediately hide retained email from snapshot and reuse (661.066ms)
✔ email local and managed workers carry only references, defer running intake and reject substituted identities (988.828916ms)
✔ retained source and exact review are fenced by receiving membership version, not just unchanged role (829.531584ms)
✔ dedicated account attestation and unique credential identities prevent shared-account tenant routing (117.790958ms)
✔ Received-header recipients are denial-only consistency and never override selected receiving alias (1254.804958ms)
✔ owner-only discovery projects metadata and hides source title after installation revocation (714.603084ms)
✔ deletion erases useful-output and strategy payloads without replacing the original first-useful receipt (9.651417ms)
✔ internal document execution retains immutable encrypted bytes and verifies one output across replay (1679.751125ms)
✔ revoked decision, changed subject and lesser role cannot escalate into execution (1445.337833ms)
✔ concurrent retries share a durable intent and dispatch exactly once (1590.330042ms)
✔ source access revoked during preparation prevents the provider call (1591.86575ms)
✔ cancel during preparation prevents dispatch and retains its exact historical intent (1796.213292ms)
✔ cancel after dispatch preserves an uncertain effect and later read-back cannot reopen the matter (2141.928458ms)
✔ email acceptance requires exact tagged delivery read-back; late bounce fails completion (1912.764125ms)
✔ email unknown outcome is never resent and an unrelated receipt cannot complete it (1491.02ms)
✔ email exact allowlist and configuration failure reject before any effect intent (1145.807917ms)
✔ preview stays pending manual and never downgrades a later attributed manual completion (1663.867291ms)
✔ publication read-back verifies exact authorized destination bytes without publishing (1689.258834ms)
✔ a provider signing-request receipt can never become an executed-original completion (1474.239042ms)
✔ expired prepared checkpoint recovers without dispatch, while a live lease remains untouched (1374.103792ms)
✔ explicit provider rejection is retained and replay cannot dispatch a second request (1530.128875ms)
✔ frozen configured preview rejects changed sender or preview-to-live mode before reserving an effect (1801.020208ms)
✔ dispatcher membership version must still match the preview after preparation even with its role retained (1518.539833ms)
✔ legal obligation introduced during preparation blocks dispatch until its exact deadline basis is reviewed (1509.516208ms)
✔ a delayed delivered read-back cannot overwrite a concurrently recorded terminal delivery failure (1815.243334ms)
✔ durable effect outbox sends only references and local read-back completion never starts another dispatch (2020.374042ms)
✔ background email read-back defers unknown no-receipt effects without another provider call (2109.257583ms)
✔ deleting prepared evidence fails and scrubs the intent before dispatch, including after the prepare resumes (1312.333292ms)
✔ deleting an unknown effect retains a private operational exception until exact readback settles and then scrubs (1668.23925ms)
✔ a readback already in flight cannot restore a terminal receipt payload after deletion (1750.008875ms)
✔ internal output readback after deletion does not materialize fresh derivative document payload (1938.864334ms)
✔ internal_document terminal deletion preserves encrypted original manifests for the retention worker before clearing artifacts (1749.461583ms)
✔ publish terminal deletion preserves encrypted original manifests for the retention worker before clearing artifacts (1703.065667ms)
✔ inactive historical receipts lose payload regardless of old uncertainty without changing historical outcome or live operational exception (1395.35425ms)
✔ exact embedding tokens preserve multilingual and adversarial special-token text (298.744375ms)
✔ embedding reserves exact tokens under the shared cap and durable replay makes no provider call (636.221709ms)
✔ embedding budget exhaustion prevents dispatch; unknown charges never invoke again (963.978ms)
✔ revocation during embedding wait cannot retain or attach the returned vector (1084.060334ms)
✔ expired dispatched embedding recovery is durable without a second provider invocation (574.005584ms)
✔ both Atlas branches prefilter tenant, entity and immutable authorized IDs and return no indexed text (9.993208ms)
✔ scoped sync and hybrid fusion hydrate actual retained quotes; replay reuses index embeddings (1821.838ms)
✔ private and expired evidence cannot enter index query allowlist; stale indexes fail explicitly (599.686583ms)
✔ revocation during search and malicious cross-scope search IDs never reach model context (2177.379417ms)
✔ conversation worker uses accepted run identity for hybrid query then grounded answer and review (2950.34325ms)
✔ expired parent lease during index admission cannot dispatch a query embedding (1469.912125ms)
✔ an old prepared embedding cannot dispatch or mutate a successor admission after recovery (1359.418167ms)
✔ a permanently fenced record cannot be reinserted by an index writer paused across deletion (1246.766041ms)
✔ late embedding receipt survives unknown-charge recovery without restoring vector or clearing uncertainty (1046.510708ms)
✔ maintenance stays disabled by default and an explicit standing grant allows scoped member work without admin (1402.535625ms)
✔ standing policy does not authorize private scope or a changed policy or member (941.164917ms)
✔ revocation during embedding preserves accounted cost but cannot write index content (1070.676417ms)
✔ global concurrency delays the same job; a later retry invokes the provider once (1845.462791ms)
✔ budget exhaustion and ambiguous provider failure never trigger automatic resubmission (1541.6785ms)
✔ inventory requires every current head including draft authority, preserves exact counts and does not claim external discovery (866.47875ms)
✔ new current agreement heads invalidate attested completeness; historical drafts cannot satisfy a successor (953.099709ms)
✔ attestation expiry independently blocks fresh approval and final execution without a record mutation (1361.372792ms)
✔ private attestation evidence is inherited by derived proposal lineage (940.964208ms)
✔ malformed maintenance policy or missing Atlas configuration never rolls back source or member revocation (753.765ms)
✔ installation configuration is unavailable when absent, revoked or missing referenced credentials (142.470167ms)
✔ GitHub authenticates raw bytes, installation and selected repo before durable intake (261.550208ms)
✔ installation membership revocation blocks a correctly signed event (219.446083ms)
✔ Slack uses bounded request time, signed team/channel, stable event identity and deletion (360.61975ms)
✔ read adapters use fixed GET origins, selected resources and bounded truthful evidence (119.776ms)
✔ Drive fetches authorized metadata before content and rejects unselected or unparsed files (107.889958ms)
✔ Drive extraction rejects a revision changed between metadata and content (94.862458ms)
✔ Drive channel notification reads changes and advances cursor only after durable ingestion (556.308ms)
✔ Drive cursor does not skip a failed extraction or disclose provider response text (100.261292ms)
✔ provider revision replay conflicts instead of overwriting an accepted event (262.838667ms)
✔ outbox acknowledgement loss retries only scoped refs with stable workflow identity (294.876833ms)
✔ outbox dispatcher does not signal legacy-owned or canceled work (285.698166ms)
✔ reconciliation re-reads current state for duplicate/late signals and retains unknown effects after cancellation (448.011458ms)
✔ Temporal missing configuration fails explicitly and workflow source excludes source payload imports (100.492875ms)
✔ conversation activities return status only and local processing commits terminal acknowledgement (251.129584ms)
✔ local runner waits through active lease, retains unknown outcomes, and respects managed owner (223.729584ms)
✔ Temporal dispatch selects conversation workflow by kind and excludes external actions (285.932416ms)
✔ deferred effect reads cannot starve newer local conversation work beyond the batch boundary (292.658292ms)
✔ retained provider evidence becomes unreadable immediately after installation selection or actor revocation (469.198042ms)
✔ Slack deletion revokes retained thread snapshots containing that message (371.702209ms)
✔ server-owned frozen replay measures improvement and records immutable independent receipt (945.702875ms)
✔ promotion changes later comparable work without reconfirming settled current facts; release evidence resolves the real gate (2122.039416ms)
✔ planned deployment remains distinct and does not trigger a live-claim requirement (1483.419084ms)
✔ rollback is monotonic, identifies affected later work, invalidates its proposal and removes only that behavior (1419.621083ms)
✔ stale evaluator authority, baseline change and reused scope without improvement cannot promote (922.775208ms)
✔ procedure owner expiry is an explicit blocker and cannot silently remove a promoted safeguard (1125.715125ms)
✔ a private lesson never changes unrelated team work (1195.765959ms)
✔ source verification and coverage qualification are distinct exact-version legal reviewer decisions (888.466625ms)
✔ coverage becomes stale dynamically when source version, reviewer membership or review deadline changes (1017.84875ms)
✔ explicit unsupported coverage remains unavailable and legal clearance is never automatically created (811.990583ms)
✔ registered authority must preserve source scope and exact domain/jurisdiction inventory (565.524625ms)
✔ renewing a source review does not silently renew old coverage approval; expiry is checked at read time (1213.899542ms)
✔ an already active same-scope rule has no measured improvement and cannot be promoted again (1342.469042ms)
✔ owner can renew an unchanged qualified deterministic rule after its review deadline (1464.57175ms)
✔ candidate authors never receive holdout names, labels, outputs or test evidence; independent evaluators can inspect (982.579083ms)
✔ F07 supplied context lineage survives an attributed fact correction and later supplied work (1626.26025ms)
✔ F08 model fact verification rejects an originating snapshot made stale by human correction (1524.798708ms)
✔ F12 blocked work can be withdrawn once without dropping uncertain effects or permitting stale intent (1735.490666ms)
✔ monitor admission requires exact protected URL policy and reads never claim applicability (1075.593833ms)
✔ observed change preserves bytes, expires source freshness and needs exact human applicability before targeting work (1872.157708ms)
✔ source or member withdrawal while a public read is pending prevents observed payload admission (856.760584ms)
✔ bounded extraction and public address policy reject binary, private and mapped destinations (8.165125ms)
✔ unsupported and oversized reads remain blocked; deletion removes the staged observed payload and stops its watch (1669.519125ms)
✔ legal maintenance local worker reads the approved source and keeps a bounded durable watch without approving applicability (499.352708ms)
✔ legal watch managed references contain no URL and mismatched tenant/job cannot reach processor (164.819084ms)
✔ accepted objective and completed-task lineage survive an empty retrieval ranking and adoption (9.508458ms)
✔ unranked accepted-basis source revision invalidates the packet before further model work (2.779791ms)
✔ a source audience narrowed after preparation invalidates frozen task text despite owner read access (0.475708ms)
✔ named counsel may attest only the exact shared substantive legal task; changed work requires renewed packet access (1567.620583ms)
✔ accepted plan prepares objective-specific scoped artifact, adopts exact contents once and retains review/factual gates (3045.502083ms)
✔ preparation does not send private supplementary material to a team-scoped artifact model (3562.939375ms)
✔ changed task intent or canceled matter during model await cannot attach a prepared artifact (3005.080958ms)
✔ completed preparation rejects later objective changes and source withdrawal before adoption (3336.094667ms)
✔ local mode never substitutes a generic packet for accepted model work (1915.129958ms)
✔ exact audience coverage remains current while broader private coverage is omitted explicitly (3535.688625ms)
✔ source deletion scrubs frozen matter preparation text from draft and provider run receipts (3502.049333ms)
✔ proposal approvals satisfy only review gates; substantive work requires owned source-backed completion (4966.607291ms)
✔ an effect created without mutating the matter still blocks final prepared adoption (2367.235292ms)
✔ main snapshots hide child text when its conversation or matter is inaccessible (1382.378583ms)
✔ task attestation rejects an independently changed inspected source and permits exact refreshed proof (868.908ms)
✔ task evidence pins transitive source-free facts even when the cited source version stays unchanged (901.966042ms)
✔ stale completed work renews under its still-current delegated owner (912.495208ms)
✔ historical generated work marked done without attestation is stale and recoverable (754.267917ms)
✔ migration dry run is inert; archive import is restartable and preserves exact legacy bytes without dispatch ownership (291.772541ms)
✔ originals use authenticated encryption and cannot be read across tenant scope (103.868917ms)
✔ same-byte upload after key rotation preserves old ciphertext and both recoverable references (181.050583ms)
✔ normalization round-trips optional collections, durable receipts and outbox without identity loss (7.677625ms)
✔ normalized integrity rejects mixed tenant, generation, content, ordering or unexpected records (0.595875ms)
✔ normalized diff touches changed records only and preserves append ordering (0.473584ms)
✔ normalized storage removes aggregate BSON ceiling but enforces individual record allowance (178.025458ms)
✔ migration dry-run plan is deterministic, binds exact state and never dispatches effects (1.091042ms)
✔ empty normalized bootstrap contends on the same aggregate tenant key (0.503666ms)
✔ notification references omit recipients/content and validate exact retained identity before processor (282.068667ms)
✔ local notification loop reschedules unknown delivery, stops completed watch and never invents a completion (187.8325ms)
✔ independent final grant mutation blocks posting to a recipient never reviewed (715.960125ms)
✔ unknown dispatch remains deduped after explicit off and on; no automatic resend (1189.040208ms)
✔ provider acknowledgment after opt-out and expired lease is retained without another send (1208.822042ms)
✔ readback with extra HTML or attachment content cannot certify exact generic delivery (937.723333ms)
✔ legacy unknown without a proven identity cannot repeat through grant renewal (973.46275ms)
✔ legacy sending without a proven identity cannot repeat through grant renewal (967.635416ms)
✔ legacy accepted without a proven identity cannot repeat through grant renewal (1059.001375ms)
✔ email is off until exact configured recipient opt-in; malformed and conflicting grants are unavailable (286.775416ms)
✔ required email contains only generic authenticated link; exact provider read-back distinguishes delivered (695.123ms)
✔ semantic dedup ignores unrelated versions but changed required conditions produce a new notice (1622.206ms)
✔ digest dedup is once per local calendar day despite changes in item membership (845.627167ms)
✔ quiet hours defer digest while required escalation can pass (902.138917ms)
✔ preview and provider acceptance are never reported as verified delivery (481.0685ms)
✔ a lost POST response stays unknown across retry and accepts only exact read-back (744.803667ms)
✔ concurrent workers send once and a late acceptance survives expired-lease recovery (1122.796458ms)
✔ membership, source condition and opt-out changes stop a prepared send at final admission (741.885916ms)
✔ acknowledged work and revoked membership cannot trigger prepared email (657.399458ms)
✔ accepted receipt requires matching provider bytes, and another actor cannot reconcile it (815.4775ms)
✔ explicit reenrollment can prepare a canceled unsent condition without retrying an uncertain dispatch (992.508917ms)
✔ membership change immediately before dispatch cancels the prepared notification (843.473541ms)
✔ grant renewal preserves unknown dedup and permits exact readback under the same current delivery identity (908.051292ms)
✔ contractual dates require exact source and legal review; reminders and manual fulfillment stay distinct (1604.228583ms)
✔ stale deadline source or reviewer authority blocks action and closure; source revocation hides derived dates (1019.6265ms)
✔ deadline proposal rejects false source quotes, ambiguous dates and inaccessible owners (615.190958ms)
✔ effort totals count all stages once, distinguish estimates, retain supersession and reject overlapping timers (1596.3025ms)
✔ amendment inherits exact original scope and retains its source lineage (693.578584ms)
✔ empty workspace, useful first response, and separate hypothetical memory (704.044417ms)
✔ ambiguous approval and unconfirmed voice cannot mutate consequential records (379.5355ms)
✔ unauthorized corrections remain candidates and stale proposals cannot replace a newer fact (1003.616417ms)
✔ personal preference applies immediately without leaking to other members (363.661125ms)
✔ selected-team ACL and source lineage deny content to another team member and tenant (635.171041ms)
✔ restricted counsel sees only explicitly allowed matter records and their scoped sources (756.002958ms)
✔ revocation immediately denies derived summaries with stale content still retained (542.843209ms)
✔ command retry remains idempotent after restart and stale concurrent command conflicts (376.261583ms)
✔ review binds exact proposal and conditioned or expired approvals cannot authorize effects (1459.87775ms)
✔ manual outcome remains pending until evidence, no-counsel route stays open, and cancellation cannot revive (1645.354625ms)
✔ action-specific manual evidence closes work; runtime completion enum and signing-original checks fail closed (1488.352833ms)
✔ no-action cannot close unresolved effects or required tasks (1654.264583ms)
✔ expired sessions, revoked membership and authenticated unknown users cannot use bootstrap claims (354.402375ms)
✔ provider events require installation authority, deduplicate and link to one existing matter (511.97025ms)
✔ deletion tombstones survive backup dry run, tampered backup is rejected, restore is restartable (382.058833ms)
✔ learning requires an independent evaluator and owner with frozen evidence identity (1289.89825ms)
✔ private confirmed facts cannot leak through a team response or proposal and cannot overwrite team truth (1391.886708ms)
✔ source originals are bound only through trusted upload metadata, never a client command property (194.055708ms)
✔ expired authorization and absent signed original keep consequential work pending (1846.698833ms)
✔ a superseded confirmed fact keeps historical matter access while current proposals must be rebuilt (1124.316ms)
✔ required business and legal tasks stay open with named owners until current unconditioned decisions (1290.653542ms)
✔ time-expired or future facts cannot authorize a current proposal and reprepare omits them (1358.401792ms)
✔ removed evidence has a minimal owner control view and another member cannot infer it (1249.054125ms)
✔ withdrawal cancels future effects while preserving uncertain effects and reconciliation (1080.2965ms)
✔ revoked or narrowed membership cannot use recovery controls (1060.764542ms)
✔ F03 source recheck suspends approval before fetch and preserves the failure across packets (1767.582584ms)
✔ F03 successful corpus recheck preserves queued siblings without evidence (1636.369209ms)
✔ F04 exact selected quote and clause bindings reach semantic review (1385.338166ms)
✔ F05 arbitrary, missing, unknown or extra exemption fields cannot satisfy screening (0.86975ms)
✔ F06 each verified alternative route survives false direct-business prerequisites (0.77225ms)
✔ F09 blocked campaigns remain scheduled and expire through the ordinary worker (2273.13025ms)
✔ F10 sending-only notification keeps watchdog alive then resolves to unknown without another send (2759.08ms)
✔ F11 count rejection creates no generation attempt and supports explicit settled retry (2443.8795ms)
✔ F13 selected suggestion has its own exact campaign and repeated requests retain identity (1629.065208ms)
✔ F15 signed out-of-order callbacks converge and never downgrade delivery or bounce (2084.8705ms)
✔ F17 paid operation scripts cannot raise configured authorization (0.577167ms)
✔ F18 strategies use supplied complete facts and baseline without mandatory rereads (0.134167ms)
✔ deletion atomically retains a refs-only outbox and the local worker completes real application cleanup (753.910541ms)
✔ retention rejects cross-job or modified references and never exposes object identities in progress (326.338042ms)
✔ future holds use bounded durable wakeups and local deferred work resumes after settlement (377.360708ms)
✔ managed lost-ack replay preserves deletion identity and only sends opaque references (467.472625ms)
✔ an unavailable earlier effect cannot starve later deletion cleanup in the local worker (673.017708ms)
✔ abandoned intake retains its cleanup owner and the actual local worker purges expired encrypted bytes (806.146459ms)
✔ an original write with no retained acknowledgement stays pending for explicit reconciliation (592.928875ms)
✔ artifact workflow dispatch carries no original reference and validates scoped intake identity before processing (464.552875ms)
✔ standing-policy index jobs dispatch only opaque references and terminal uncertainty never retries provider work (420.24225ms)
✔ deletion propagates through records and audit payloads while exposing only safe pending-retention status (1240.691375ms)
✔ uncertain effects remain protected exceptions until settled, then repeated cleanup erases the payload (1448.995667ms)
✔ local original deletion is tenant scoped, exact, verified and replayable (157.315833ms)
✔ S3 purge targets the retained version, verifies absence and never treats forbidden/readback as success (4.921792ms)
✔ original intake hands off only its own storage revisions and abandoned bytes are fenced before cleanup (1245.179375ms)
✔ retention worker honors original delay, shared pending intake and hold, then verifies exact purge (1998.312458ms)
✔ revoked-source owner controls allow a later scoped deletion without recovering content (1400.538584ms)
✔ pending intake blocks physical purge by content identity and deleted bytes cannot be re-created by later intake (1477.947875ms)
✔ interrupted original writes require exact verified manifest recovery before orphan cleanup (1035.020542ms)
✔ an orphan purge claim fences all same-byte intakes until its exact deletion finishes (866.357459ms)
✔ queued cancellation survives restart, leaves user message and makes zero provider/count/reservation calls (328.935625ms)
✔ only initiating owner with current membership and exact run version may cancel (566.379208ms)
✔ cancel during asynchronous count prevents reservation and first generation (485.536208ms)
✔ cancel in flight waits for actual usage, discards result and never starts review (1135.175042ms)
✔ cancel during final review preserves both actual charges without attaching an answer (1596.000125ms)
✔ lost provider response after cancellation remains unknown and cannot be retried (1073.857ms)
✔ restart after cancellation of dispatched attempt waits until lease then reconciles unknown without dispatch (833.871833ms)
✔ prepared cancellation releases reservation and retires any not-yet-created reservation identity (1147.891875ms)
✔ query embedding submitted before cancellation owns its charge and no generation may start (1060.770959ms)
✔ real idempotent cancellation command replays once and source deletion clears cancellation reason (580.167291ms)
✔ canceling a model work plan creates neither a proposed artifact nor an accepted matter (1254.225875ms)
✔ refs-only local processing waits for cancellation accounting and completes only after lease recovery (881.929667ms)
✔ a late valid provider receipt after canceled lease recovery preserves metadata without clearing unknown charge (1309.622167ms)
✔ revoked source hides cancellation free text but preserves safe accounting; deletion erases audit reason (672.998542ms)
✔ real query embedding canceled in flight settles usage, clears vector, skips search and generation (1620.434125ms)
✔ a valid response receipt survives ledger outage and restart without another provider attempt (1102.556917ms)
✔ signed selected thread continues one conversation, pins lineage and delivers exact reply once with verified readback (1062.244125ms)
✔ bot messages never loop back into source ingestion and signed unmapped identities cannot impersonate the bound actor (226.661541ms)
✔ historical web content cannot be reclassified as a Slack audience and canonical audience recursion rejects private dependencies (448.495416ms)
✔ destination retrieval excludes an actor private contract and company fact before forming a local answer (790.099584ms)
✔ lost acknowledgement reconciles by opaque metadata and exact bot/thread/content, never by absence or resend (1608.221875ms)
✔ configuration and actor membership changes during asynchronous preflight prevent the first provider post (1610.128167ms)
✔ source edit or deletion after accepted input blocks unsent reply; mismatched provider readback stays uncertain (1402.698833ms)
✔ DM bindings keep the exact destination and concurrent workers can admit only one post (904.585083ms)
✔ outbox dispatch and local worker carry only reply references and reject substituted message identity (1268.227917ms)
✔ answer dependency changes during preflight block stale local facts and superseded document heads (803.596792ms)
✔ delivery projection distinguishes unknown completion and never leaks destination or body to another member (905.401417ms)
✔ later-page duplicate receipt metadata cannot establish unique delivery (918.589334ms)
✔ model packet excludes private transitive evidence, including same-audience facts with private sources (2042.709ms)
✔ configuration revocation during counted model admission prevents generation (1146.2475ms)
✔ hybrid query restricts prefilters to the channel audience before embedding and search (1880.706875ms)
✔ source deletion propagates to Slack scenario assumptions and current user dependencies (761.16525ms)
✔ browser cannot forge channel provenance or use an outdated source-revocation version (362.210625ms)
✔ late ordered Drive revision preserves current proposal, approvals and one current queue (831.504959ms)
✔ newer source invalidates dependent proposal but preserves scoped historical access and blocks old fact confirmation (754.500292ms)
✔ same revision conflicting bytes rejects atomically; identical delivery aliases do not duplicate sources or effects (347.086375ms)
✔ opaque GitHub heads conflict regardless event time and only stable scoped read selects a current head (503.73075ms)
✔ withdrawn current object cannot fall back, late events cannot restore it, historical source remains audit-readable (400.8665ms)
✔ verified ordered provider read cannot regress a known newer revision (212.8905ms)
✔ Slack edits order per message, late old edit does not displace newer evidence (253.35875ms)
✔ complete Slack thread refresh after deletion preserves withdrawn message fence and replay does not revoke fresh snapshot (517.333834ms)
✔ current evidence recheck rejects newly historical dependencies while new retrieval excludes old facts and prompt history (619.970875ms)
✔ known deleted Slack message cannot reappear in a different verified thread snapshot or retained readable aggregate (487.380042ms)
✔ manual withdrawal of a signed message hides its existing active aggregate immediately (562.001584ms)
✔ historical Slack deletion relation is exact to installation, channel, revision and bytes (244.22575ms)
✔ attributed current message deletion physically clears aggregate payload and leaves unrelated malformed evidence alone (386.103333ms)
✔ deleting only a historical message revision purges its matching snapshot while preserving newer thread bytes (401.059208ms)
✔ independent frozen clause includes referenced exception, defined term and its schedule without changing original bytes (8.248917ms)
✔ malformed and adversarial headings remain literal source slices without fabricated exception applicability (2.634ms)
✔ bounded cross-reference expansion reports missing context rather than claiming complete review (0.44525ms)
✔ source parsing preserves exact UTF-16 anchors, heading siblings and bounded complete Unicode (22.347166ms)
✔ a notice clause brings its exact definitions, exception and referenced schedule table (15.470208ms)
✔ bounded expansion reports omissions and handles repeated references without inventing source text (10.021875ms)
✔ both local and selected hybrid evidence hydrate structured source slices and bounded supporting context (339.829541ms)
✔ packet bound reports truncation while agreement inventory stays exhaustive (924.158083ms)
✔ real frozen ranking replay requires three people, protected holdouts, shadow then exact controlled adoption (2146.042083ms)
✔ promotion binds the inspected shadow hash; rollback removes actual ranking behavior and identifies affected input (2148.987084ms)
✔ scoped policy cannot affect a private conversation and owner revocation removes its effect immediately (1033.716625ms)
✔ classification is explicit and does not promote factual or legal corrections into strategy authority (225.764375ms)
✔ draft preservation comparison shadows actual generated text before adoption blocks a numeric omission (2084.849917ms)
✔ feedback and strategy authority follow the current conversation container, including source-free outputs (641.119625ms)
✔ actual model evidence ordering changes only in local retrieval; hybrid selection retains its supplied order (521.464542ms)
✔ policy expiry after model count stops provider dispatch and preserves the original decision history (736.019ms)
✔ feedback inherits direct fact lineage of replay documents and cannot reveal original labels to another audience (400.688208ms)
✔ literal guard preserves percent units and does not claim semantic equivalence (3.901292ms)
✔ new evidence used only during shadow cannot authorize promotion after withdrawal (525.600625ms)
✔ promoted authority stops when a shadow-only dependency changes (363.186666ms)
✔ protected holdout rows remain server-only for every UI actor, including an evaluator who later authors (262.162584ms)
✔ first-work observation is durable across later goals and generated output is not useful acceptance (7.496584ms)
✔ retrospective retained baseline is explicit and never reset by a new question (0.140792ms)
✔ usefulness is exact-version/hash bound, deduplicated and independent of goal achievement (1.059458ms)
✔ goal achievement requires the same goal’s current useful receipt and cannot be reported by another actor (0.247583ms)
✔ foreign private outputs and withdrawn-source receipts cannot leak into views or numeric exports (0.519709ms)
✔ correcting a usefulness report cannot silently replace the original first-useful metric (0.305334ms)
✔ rehearsals retain learning feedback but never count as observed customer value (0.15825ms)
✔ source revision changes invalidate inspected output hash even when answer text is unchanged (0.155792ms)
✔ read projection supports a current integration-only member without granting feedback write capacity (0.077667ms)
✔ service hooks retain the first message baseline and observe an async answer only after committed output (2249.787792ms)
✔ historical report remains attributed after version change but cannot outlive its conversation access (2.395541ms)
✔ output observation never rolls back a membership removal or requires a still-valid session (0.3355ms)
✔ unseen request email and URL cannot pass by citing the right fact ID with the wrong prose (764.179042ms)
✔ required disclosure validation supports arbitrary document, clause and fact identities (786.740041ms)
✔ unseen unrelated clauses remain protected even with valid citations and a passing semantic verdict (903.899167ms)
✔ live intake preserves supplied facts and blocks paid drafting until source recheck (409.474042ms)
✔ immutable redline reconstructs exact prior and candidate wording and retains unfamiliar content (628.734208ms)
✔ lawyer interpretation feedback retains attribution and invalidates both approvals without changing facts (1157.080417ms)
✔ stale fact correction cannot overwrite a later verified company context (591.657834ms)
✔ pinned context tampering fails approval even if the candidate and bundle are unchanged (475.85275ms)
✔ unsupported jurisdiction and future rule period escalate instead of issuing no-change decisions (206.162834ms)
✔ disclosure coverage accepts combined sections while reporting missing topics (394.528084ms)
✔ fresh legal_interpretation_note reaches runtime after the prior repair limit without rotating reused authority (1547.069084ms)
✔ fresh requested_changes reaches runtime after the prior repair limit without rotating reused authority (1150.730292ms)
✔ fresh lawyer feedback cannot bypass an unsettled charge after the repair limit (550.898708ms)
✔ persisted signup without manufactured failure, ordered sealed approval and retained finalization (1392.778042ms)
✔ distinct event pins the existing harness and closes only against the finalized packet (481.51725ms)
✔ unknown facts block drafting and old reset commands cannot affect reused workspace (971.8955ms)
✔ material edit invalidates earlier founder approval and requires both gates again (692.152042ms)
✔ source expiry prevents approval even without a background invalidation job (106.353958ms)
ℹ tests 541
ℹ suites 0
ℹ pass 541
ℹ fail 0
ℹ cancelled 0
ℹ skipped 0
ℹ todo 0
ℹ duration_ms 69247.133042
