
> kiara@0.1.0 build
> next build --webpack

▲ Next.js 16.3.6 (webpack)
- Environments: .env.local
workflows build complete (5 steps, 1 workflow, time 20ms)
✓ Running next.config.ts took 202ms

  Creating an optimized production build ...
✓ Compiled successfully in 4.4s
  Running TypeScript ...
  Finished TypeScript in 5.0s ...
  Collecting page data using 9 workers ...
  Generating static pages using 9 workers (0/8) ...
  Generating static pages using 9 workers (2/8)
  Generating static pages using 9 workers (4/8)
  Generating static pages using 9 workers (6/8)
✓ Generating static pages using 9 workers (8/8) in 198ms
  Finalizing page optimization ...
  Collecting build traces ...

Route (app)
┌ ○ /
├ ○ /_not-found
├ ƒ /.well-known/workflow/v1/flow
├ ƒ /.well-known/workflow/v1/step
├ ƒ /.well-known/workflow/v1/webhook/[token]
├ ƒ /api/[...path]
├ ƒ /api/v2/actions/[id]/execution
├ ƒ /api/v2/auth/callback
├ ƒ /api/v2/auth/start
├ ƒ /api/v2/commands
├ ƒ /api/v2/documents
├ ƒ /api/v2/documents/[id]/compare
├ ƒ /api/v2/documents/[id]/export
├ ƒ /api/v2/documents/[id]/original
├ ƒ /api/v2/email/installations/[installationId]/webhook
├ ƒ /api/v2/email/intakes/[id]/review
├ ƒ /api/v2/integrations/[installationId]/webhook
├ ƒ /api/v2/notifications/[id]/reconcile
├ ƒ /api/v2/session
├ ƒ /api/v2/workspace
├ ○ /legacy
├ ○ /review/attention
└ ○ /welcome


○  (Static)   prerendered as static content
ƒ  (Dynamic)  server-rendered on demand
