
> kiara@0.1.0 test
> node --import tsx --test tests/*.test.ts tests/ui/*.test.ts tests/v2-regressions/*.test.ts

✔ protected strategy catalog rejects arbitrary prompts, code, budgets, source or approval changes (2.813625ms)
✔ scripted examples do not manufacture adaptation evidence or promote a prefetch flag (2025.377708ms)
✔ genuine failure categories freeze independent company/document cases and deduplicate automatically (1746.126417ms)
✔ missing credentials leave durable blocked evaluation, zero trials and unchanged champion (1858.622959ms)
✔ in-process six-trial evaluator isolates state and never labels injected successes as live promotion (3705.306458ms)
✔ promotion gates require measured gain, no unseen regression, cost and latency ceilings, provider records (1870.477417ms)
✔ founder corrections and lawyer notes produce distinct bounded strategies without executing feedback text (1834.057041ms)
✔ concurrent workers dispatch one lease and a lost provider result terminates further spending (2275.099125ms)
✔ rollback restores evaluated parent, increments generation, and preserves in-flight pins and history (2252.648292ms)
✔ unverified fact notes do not become facts or improvement instructions, and protected input changes cancel without calls (2214.288584ms)
✔ daily admission cap and promotion recursion depth cannot be overridden by a trigger (1895.675708ms)
✔ proposal agent uses constrained provider output, hides heldouts, and rejects protected mutations (1532.274375ms)
✔ local evaluator identity changes with runtime source and hosted identity requires a deployment commit (294.2715ms)
✔ observed draft plus three complete checks and two checked repairs fit finite window without raising money limits (3.117541ms)
✔ every repair reserves complete checker input/output/cost and request slots before dispatch (1.828958ms)
✔ review planning cannot change hard dollar ceilings or inject unbounded planning values (0.429083ms)
✔ supplied context is versioned, attributed, idempotent and cannot be silently replaced during review (286.174791ms)
✔ context intake rejects duplicate facts, malformed prior document and absent provenance (1.577583ms)
✔ shared operator cap atomically admits at most two concurrent visitors and survives process boundaries (1291.863791ms)
✔ settled IDs cannot dispatch twice, repeat exact settlement is safe, and history cannot lower a charge (48.162625ms)
✔ unknown provider charges retain unused reservation and block all visitors until explicit reconciliation (81.701833ms)
✔ usage above reservation is auditable and closes all further spending (44.695ms)
✔ actual usage can settle after authorization is disabled but no new dispatch can reserve (55.755041ms)
✔ micro-dollar accounting cannot round a small reservation down through the cap (197.048541ms)
✔ new visitor workspaces cannot reset the shared request rate ceiling (2469.421833ms)
✔ invalid reservations, settlements, authorization and hosted ephemeral storage fail before dispatch (10.237292ms)
✔ operator full-ceiling accounting preserves unknown history and hard cap while releasing independent work (343.360916ms)
✔ operator coverage fails closed on wrong ceilings and late higher usage (259.329542ms)
✔ hosted scheduling deduplicates starts and records the exact run (0.716583ms)
✔ new deployment fences old claims but waits for its dispatched step to settle (0.441041ms)
✔ completed workers can restart and crashed starts recover after a bounded wait (0.254042ms)
✔ new epoch cannot inherit a worker ticket (0.188417ms)
▶ hosted login and durable worker preserve protected review gates
  ✔ no automatic remote identity; login requires the matching password and origin (5.588208ms)
  ✔ an authenticated founder cannot switch to lawyer without signing in (20.706875ms)
  ✔ worker drains, pauses at review, resumes the queue, and fences old generations (3213.473542ms)
  ✔ missing Atlas configuration on Vercel fails closed (0.309959ms)
✔ hosted login and durable worker preserve protected review gates (3356.367833ms)
✔ recovery propagates a crashed dispatched attempt to the shared unknown-charge fence (593.683459ms)
✔ recovery releases a crashed pre-dispatch shared reservation without inventing a provider charge (605.235583ms)
✔ durable worker remains alive until a crashed model lease expires and stops after unknown-charge recovery (1188.241417ms)
✔ local workspaces cannot overwrite one another through cookies shared across localhost ports (45.88275ms)
✔ new model and human facts remain untrusted until founder verification; all prior context is retained (1903.635041ms)
✔ new fact values cannot bypass key, size, nesting, or count limits (0.462583ms)
✔ new public demo preserves old audit and global spend while enforcing auth, CSRF and active-charge gates (768.828375ms)
✔ preview is durable and never grants lawyer approval (2025.52575ms)
✔ a changed review bundle cancels its old queued notification (509.43325ms)
✔ expired send is unknown, blocks blind retry and preserves the provider key (272.966959ms)
✔ webhook rejects requests when signature configuration is absent (7.296084ms)
▶ persistence: deterministic baseline, atomic transactions, fences and physical records
  ✔ baseline is deterministic and seed twice is a byte-identical no-op (281.499833ms)
  ✔ an exception or async callback cannot commit a partial write (320.475042ms)
  ✔ tenant injection, stale epoch and stale CAS are rejected (81.109291ms)
  ✔ immutable revision edits fail; appending a new sealed revision succeeds (107.813416ms)
  ✔ concurrent independent processes do not lose increments (3974.953834ms)
  ✔ dead-owner lock recovers without manual data deletion (100.920458ms)
  ✔ CA event produces scoped customer, context and durable dispatch rows (93.964958ms)
  ✔ reset retains evaluation campaign reservations and unknown charges (444.5605ms)
  ✔ reset blocks unknown charges and preserves a surviving monotonic guard (331.343875ms)
✔ persistence: deterministic baseline, atomic transactions, fences and physical records (5758.613375ms)
▶ public visitors have isolated, repeatable demos without passwords
  ✔ public bootstrap isolates signed sessions and refuses unscoped access (81.239084ms)
  ✔ role switching is self-service but review order is still required (1840.013541ms)
  ✔ final lawyer approval retains the completed run and isolates visitor history (323.918292ms)
  ✔ manual reset works in lawyer role and old requests cannot revive cleared data (106.920542ms)
  ✔ public mode fails closed if paid generation or delivery is enabled (0.229917ms)
✔ public visitors have isolated, repeatable demos without passwords (2517.313ms)
✔ F16 numeric local Host reconciles framework URL normalization without trusting forwarded hosts (10.672167ms)
✔ review regression: unresolved model charges survive human-edit validation (1049.901ms)
✔ review: authenticated early delivery receipts reconcile once when the send response arrives (1065.017875ms)
✔ review regression: verified company facts preserve signup-specific provenance (550.849709ms)
✔ review regression: changed input can start a new settled model ledger (2192.942417ms)
✔ review regression: scripted document edits cannot contradict an explicit no-sale fact (991.651958ms)
[Resend API Error]: {
  error: {
    name: 'application_error',
    statusCode: null,
    message: 'Unable to fetch data. The request could not be resolved.'
  },
  path: '/emails'
}
✔ review regression: Resend SDK transport errors remain unknown delivery and block reset (1116.541791ms)
✔ review: a later unchanged event closes only against a current sealed finalized packet (3598.758417ms)
✔ review: scripted validation failure escalates without claiming AI repair or hiding the output (2214.590917ms)
✔ review regression: stale document edits reject before mutation while a fresh snapshot succeeds (1166.12025ms)
✔ review regression: a session cannot cross the reset fence while its command body is being read (189.13575ms)
✔ review: model fact proposals require current founder verification and retain model attribution (1079.283667ms)
✔ review regression: founder verification of a model fact authorizes a linked run after the settled parent deadline (2186.575834ms)
✔ eleven frozen legal cases execute with unknown/conflict preservation (4.407833ms)
✔ actual citation span, complete evidence, clauses, unknown facts and semantic rules are validated (615.812875ms)
✔ live mode without credentials blocks instead of substituting the scripted revision (625.221875ms)
✔ timeout retains pre-dispatch reservation and prevents reset (876.831917ms)
✔ crashed dispatched run recovers once without replaying model or discarding charge (845.738333ms)
✔ budget deadline, request ceiling and unknown-charge reservation cannot reset on reuse (485.792667ms)
✔ provider adapter exercises scoped tools, exact citations, full-law semantic hydration and immutable generated revision (4147.376625ms)
✔ an out-of-scope model tool is blocked before it can mutate state (1258.751917ms)
✔ verified human edit after a settled run deadline starts a linked child and retains immutable costs; automatic repair cannot rotate (2317.674875ms)
✔ founder verification of an attributed model fact proposal authorizes a settled expired child scope without fabricating human feedback (2981.466167ms)
✔ genuine bad output from an injected provider is recorded, repaired with failure feedback, and produces correlated audit records (3051.788042ms)
✔ unparseable provider output stops at the protected repair limit without saving a placeholder candidate (2303.872875ms)
✔ oversized legal retrieval produces a scoped tool error that the agent can correct within the same budget (2464.686041ms)
✔ frozen evaluation runs semantic repair and retains full audit without mutating the supplied state or live store (430.045125ms)
✔ explicit total spending authorization includes evaluation reservations and never exposes credentials (412.841708ms)
✔ acceptance fault injection is rejected outside an explicitly enabled local test before any provider request (348.16425ms)
✔ provider billing failures retain safe actionable codes without retaining raw error messages (695.762291ms)
✔ recovery retries a persisted unknown attempt even after its workflow was already blocked (567.290416ms)
✔ explicit founder retry of a settled billing rejection starts a linked run and preserves prior attempts (979.007333ms)
✔ rate backoff accepts only explicit rate rejections, caps safe headers, and preserves the absolute deadline (0.885125ms)
✔ two explicit rate rejections retry the exact request with distinct settled reservations and audited waits (1029.135541ms)
✔ repeated rate rejections stop after two retries and never extend the run deadline (453.120083ms)
✔ test retry wait overrides cannot bypass a real provider delay (153.970541ms)
✔ exact legal search computes UTF-16 offsets from pinned text and authorizes only three returned matches (419.757292ms)
✔ semantic document delta reconstructs all business/legal text and preserves selected citation support bindings (149.2055ms)
✔ semantic packing counts complete balanced batches once, merges when possible, and never omits text (6.687625ms)
✔ semantic packing refuses one oversized complete authority instead of truncating it (2.008708ms)
✔ retrieval rate retries cannot consume the final proposal-emission slot (861.767166ms)
✔ numeric provider rate diagnostics exclude raw messages, identifiers and unknown headers (0.768458ms)
✔ legal citation chunks preserve literal text, surrogate offsets and explicit capacity continuations (0.517542ms)
✔ incomplete paid-shaped output retains partial bytes and allows only explicit settled founder retry (322.637958ms)
✔ repair rate retries preserve all three independent checker slots (901.991875ms)
✔ checker capacity failure retains the unaccepted proposal and founder retry validates it without redrafting (772.286125ms)
✔ opaque citation IDs resolve only exact returned source chunks and reject guessed or changed evidence (0.54425ms)
✔ provider-selected citation IDs become exact audited citations without model-copied offsets or quotes (663.990833ms)
▶ security: HTTP permissions and persisted human-review guards
  ✔ rejects client identity injection, unexpected fields, bad CSRF and cross-origin actions (5.548667ms)
  ✔ lawyer cannot inject company signup (1.788375ms)
  ✔ lawyer-first, stale state and stale bundle approvals are rejected (101.999458ms)
  ✔ source integrity changes invalidate an otherwise matching approval (35.64825ms)
  ✔ replayed same approval does not add another decision (5.699166ms)
  ✔ old notification is canceled after new feedback changes its sealed bundle (327.935708ms)
  ✔ malformed business facts cannot be promoted to verified known facts (135.993292ms)
  ✔ applicability fails closed when a required boolean has invalid type (8.660667ms)
  ✔ old session and stale reset command cannot mutate a new epoch (101.632584ms)
✔ security: HTTP permissions and persisted human-review guards (1538.125833ms)
✔ empty and reset workspaces do not invent execution or approval activity (3.634167ms)
✔ stage progression follows saved workflow state rather than elapsed time (0.352416ms)
✔ fact correction restarts progress despite retained historical assessment, checks, and approvals (0.557917ms)
✔ retrieval repairs and proposal repairs stay attached to the checkpoint that failed (0.066459ms)
✔ non-citation validation failures are not described as citation repairs (0.243292ms)
✔ only approvals for the current sealed packet can complete the human checkpoint (0.571167ms)
✔ no-change decisions skip drafting and approvals instead of fabricating successful reviews (0.228625ms)
✔ information and failed-check pauses block the relevant checkpoint (0.059ms)
✔ requested changes to a sealed packet pause human review without inventing a validation failure (0.065416ms)
✔ snapshot identifies the harness pinned to the run even after champion promotion (0.974667ms)
✔ redline comparison retains every original and proposed clause with exact full text (0.645417ms)
✔ removals and heading-only edits cannot disappear from the redline (0.087416ms)
✔ empty and missing revisions remain honest instead of inventing policy text (0.426084ms)
✔ unknown facts stay distinct from false and zero (10.658ms)
✔ client surfaces actionable structured API errors without coercing objects (0.140958ms)
✔ a review preview cannot follow a newly polled proposal or lost access (0.38225ms)
✔ an action preview rejects changed recipients/content, dispatch and withdrawn access (0.066125ms)
✔ a counsel decision rejects changed scope, recipient, lifecycle or withdrawn access (0.057791ms)
✔ message acceptance is durable before model dispatch; grounded answer receipts survive replay (998.338291ms)
✔ same accepted message key is one durable run even after reply completion (250.188458ms)
✔ missing provider credentials and invalid modes fail closed with retained user message (183.361875ms)
✔ shared spending cap prevents dispatch and is never raised by conversation processing (700.807ms)
✔ provider timeout or unknown failure retains uncertain charge and forbids replay (943.594042ms)
✔ explicit provider rejection settles reservation without fabricating an answer (880.037375ms)
✔ source revoked while provider awaits cannot reach review or attach stale response (1009.987709ms)
✔ membership revoked during final support review cannot attach answer (1493.747625ms)
✔ unsupported citation IDs fail before support review; injection text remains untrusted with no tools (825.995ms)
✔ support reviewer rejects source-injected claims even when citation identity exists (1331.86425ms)
✔ private sources cannot enter another actor retrieval and derived output retains source ACL (758.490916ms)
✔ hypotheses stay isolated; inventory enumerates authorized executed agreements beyond ranking (1181.494125ms)
✔ concurrent worker replays do not invoke the model twice (1351.326ms)
✔ expired running lease conservatively reconciles an interrupted dispatch without another invocation (552.525417ms)
✔ pinned model configuration cannot silently change after message acceptance (460.245083ms)
✔ durable recovery marker survives the crash checkpoint between run terminalization and ledger reconciliation (657.820917ms)
✔ prepared reservation interrupted before dispatch is released without invoking provider (707.111125ms)
✔ source instructions stay in untrusted evidence and cannot gain model tools or command authority (1251.405667ms)
✔ source access changed during token count prevents generation dispatch and reservation (645.285708ms)
✔ a uniquely supplied document supports Explain this contract even without a keyword match (323.8185ms)
✔ v2 local sessions are signed, origin bound, role limited and explicitly simulated (41.549583ms)
✔ organization browser sign-in binds code, state, PKCE, nonce and provisioned membership (154.316125ms)
✔ OIDC identity verification rejects forged tokens, wrong audience, expiry and unmapped subjects (19.545125ms)
✔ counsel intake, fee approval and exact packet sharing are separate recorded decisions (1448.764208ms)
✔ source, recipient membership, explicit revoke and expiry immediately withdraw granted records (5042.253834ms)
✔ counsel returned edits preserve original proposal and require new exact decisions (1633.176125ms)
✔ escalation invalidates prior engagement and access; referral stays unavailable; terminal work cannot revive (1712.206667ms)
✔ sharing an older packet cannot disclose newly revised proposal bytes or added matter tasks (2527.718791ms)
✔ Word review export round-trips body and authority manifest while rejecting malformed archives (101.34525ms)
✔ S3 originals require KMS and a version receipt; repeated upload reconciles the retained version (18.514291ms)
✔ internal document execution retains immutable encrypted bytes and verifies one output across replay (1645.206375ms)
✔ revoked decision, changed subject and lesser role cannot escalate into execution (1481.687917ms)
✔ concurrent retries share a durable intent and dispatch exactly once (1598.634958ms)
✔ source access revoked during preparation prevents the provider call (1418.159084ms)
✔ cancel during preparation prevents dispatch and retains its exact historical intent (1542.67375ms)
✔ cancel after dispatch preserves an uncertain effect and later read-back cannot reopen the matter (1621.768667ms)
✔ email acceptance requires exact tagged delivery read-back; late bounce fails completion (1824.909625ms)
✔ email unknown outcome is never resent and an unrelated receipt cannot complete it (1425.28975ms)
✔ email exact allowlist and configuration failure reject before any effect intent (1154.542416ms)
✔ preview stays pending manual and never downgrades a later attributed manual completion (1496.036ms)
✔ publication read-back verifies exact authorized destination bytes without publishing (1455.961666ms)
✔ a provider signing-request receipt can never become an executed-original completion (1042.691709ms)
✔ expired prepared checkpoint recovers without dispatch, while a live lease remains untouched (853.23975ms)
✔ explicit provider rejection is retained and replay cannot dispatch a second request (735.695792ms)
✔ frozen configured preview rejects changed sender or preview-to-live mode before reserving an effect (829.78425ms)
✔ dispatcher membership version must still match the preview after preparation even with its role retained (792.889209ms)
✔ legal obligation introduced during preparation blocks dispatch until its exact deadline basis is reviewed (582.017959ms)
✔ a delayed delivered read-back cannot overwrite a concurrently recorded terminal delivery failure (729.734958ms)
✔ installation configuration is unavailable when absent, revoked or missing referenced credentials (109.1375ms)
✔ GitHub authenticates raw bytes, installation and selected repo before durable intake (238.576583ms)
✔ installation membership revocation blocks a correctly signed event (170.608875ms)
✔ Slack uses bounded request time, signed team/channel, stable event identity and deletion (322.697583ms)
✔ read adapters use fixed GET origins, selected resources and bounded truthful evidence (89.340458ms)
✔ Drive fetches authorized metadata before content and rejects unselected or unparsed files (99.823959ms)
✔ Drive extraction rejects a revision changed between metadata and content (98.168208ms)
✔ Drive channel notification reads changes and advances cursor only after durable ingestion (548.818208ms)
✔ Drive cursor does not skip a failed extraction or disclose provider response text (98.756917ms)
✔ provider revision replay conflicts instead of overwriting an accepted event (229.169667ms)
✔ outbox acknowledgement loss retries only scoped refs with stable workflow identity (263.7965ms)
✔ outbox dispatcher does not signal legacy-owned or canceled work (257.94125ms)
✔ reconciliation re-reads current state for duplicate/late signals and retains unknown effects after cancellation (436.943042ms)
✔ Temporal missing configuration fails explicitly and workflow source excludes source payload imports (88.87575ms)
✔ conversation activities return status only and local processing commits terminal acknowledgement (262.863125ms)
✔ local runner waits through active lease, retains unknown outcomes, and respects managed owner (270.144708ms)
✔ Temporal dispatch selects conversation workflow by kind and excludes external actions (306.915584ms)
✔ retained provider evidence becomes unreadable immediately after installation selection or actor revocation (395.06875ms)
✔ Slack deletion revokes retained thread snapshots containing that message (330.847458ms)
✔ server-owned frozen replay measures improvement and records immutable independent receipt (967.982583ms)
✔ promotion changes later comparable work without reconfirming settled current facts; release evidence resolves the real gate (1967.7135ms)
✔ planned deployment remains distinct and does not trigger a live-claim requirement (1462.05625ms)
✔ rollback is monotonic, identifies affected later work, invalidates its proposal and removes only that behavior (1407.269416ms)
✔ stale evaluator authority, baseline change and reused scope without improvement cannot promote (1027.725334ms)
✔ procedure owner expiry is an explicit blocker and cannot silently remove a promoted safeguard (1326.807333ms)
✔ a private lesson never changes unrelated team work (1155.818333ms)
✔ source verification and coverage qualification are distinct exact-version legal reviewer decisions (607.835875ms)
✔ coverage becomes stale dynamically when source version, reviewer membership or review deadline changes (871.817666ms)
✔ explicit unsupported coverage remains unavailable and legal clearance is never automatically created (759.846458ms)
✔ registered authority must preserve source scope and exact domain/jurisdiction inventory (546.000791ms)
✔ renewing a source review does not silently renew old coverage approval; expiry is checked at read time (1146.991458ms)
✔ an already active same-scope rule has no measured improvement and cannot be promoted again (1253.730917ms)
✔ owner can renew an unchanged qualified deterministic rule after its review deadline (1216.245917ms)
✔ candidate authors never receive holdout names, labels, outputs or test evidence; independent evaluators can inspect (978.575875ms)
✔ F07 supplied context lineage survives an attributed fact correction and later supplied work (1654.403958ms)
✔ F08 model fact verification rejects an originating snapshot made stale by human correction (1466.114375ms)
✔ F12 blocked work can be withdrawn once without dropping uncertain effects or permitting stale intent (1692.167625ms)
✔ migration dry run is inert; archive import is restartable and preserves exact legacy bytes without dispatch ownership (242.650208ms)
✔ originals use authenticated encryption and cannot be read across tenant scope (103.616833ms)
✔ same-byte upload after key rotation preserves old ciphertext and both recoverable references (177.466875ms)
✔ contractual dates require exact source and legal review; reminders and manual fulfillment stay distinct (1225.1255ms)
✔ stale deadline source or reviewer authority blocks action and closure; source revocation hides derived dates (991.260875ms)
✔ deadline proposal rejects false source quotes, ambiguous dates and inaccessible owners (634.91825ms)
✔ effort totals count all stages once, distinguish estimates, retain supersession and reject overlapping timers (1603.547041ms)
✔ amendment inherits exact original scope and retains its source lineage (601.777ms)
✔ empty workspace, useful first response, and separate hypothetical memory (523.942417ms)
✔ ambiguous approval and unconfirmed voice cannot mutate consequential records (384.378292ms)
✔ unauthorized corrections remain candidates and stale proposals cannot replace a newer fact (943.490375ms)
✔ personal preference applies immediately without leaking to other members (354.481ms)
✔ selected-team ACL and source lineage deny content to another team member and tenant (561.624584ms)
✔ restricted counsel sees only explicitly allowed matter records and their scoped sources (796.703083ms)
✔ revocation immediately denies derived summaries with stale content still retained (528.871042ms)
✔ command retry remains idempotent after restart and stale concurrent command conflicts (315.998417ms)
✔ review binds exact proposal and conditioned or expired approvals cannot authorize effects (1272.251459ms)
✔ manual outcome remains pending until evidence, no-counsel route stays open, and cancellation cannot revive (1622.619709ms)
✔ action-specific manual evidence closes work; runtime completion enum and signing-original checks fail closed (1411.710416ms)
✔ no-action cannot close unresolved effects or required tasks (1370.961375ms)
✔ expired sessions, revoked membership and authenticated unknown users cannot use bootstrap claims (371.785208ms)
✔ provider events require installation authority, deduplicate and link to one existing matter (451.083583ms)
✔ deletion tombstones survive backup dry run, tampered backup is rejected, restore is restartable (370.022166ms)
✔ learning requires an independent evaluator and owner with frozen evidence identity (695.916ms)
✔ private confirmed facts cannot leak through a team response or proposal and cannot overwrite team truth (659.264834ms)
✔ source originals are bound only through trusted upload metadata, never a client command property (107.85075ms)
✔ expired authorization and absent signed original keep consequential work pending (798.003959ms)
✔ a superseded confirmed fact keeps historical matter access while current proposals must be rebuilt (613.019375ms)
✔ required business and legal tasks stay open with named owners until current unconditioned decisions (694.025792ms)
✔ F03 source recheck suspends approval before fetch and preserves the failure across packets (1541.794875ms)
✔ F03 successful corpus recheck preserves queued siblings without evidence (1622.973041ms)
✔ F04 exact selected quote and clause bindings reach semantic review (1162.479625ms)
✔ F05 arbitrary, missing, unknown or extra exemption fields cannot satisfy screening (0.900708ms)
✔ F06 each verified alternative route survives false direct-business prerequisites (0.99575ms)
✔ F09 blocked campaigns remain scheduled and expire through the ordinary worker (2120.507375ms)
✔ F10 sending-only notification keeps watchdog alive then resolves to unknown without another send (1628.824959ms)
✔ F11 count rejection creates no generation attempt and supports explicit settled retry (1202.967084ms)
✔ F13 selected suggestion has its own exact campaign and repeated requests retain identity (940.827625ms)
✔ F15 signed out-of-order callbacks converge and never downgrade delivery or bounce (1027.804542ms)
✔ F17 paid operation scripts cannot raise configured authorization (0.893625ms)
✔ F18 strategies use supplied complete facts and baseline without mandatory rereads (0.1285ms)
✔ unseen request email and URL cannot pass by citing the right fact ID with the wrong prose (723.046583ms)
✔ required disclosure validation supports arbitrary document, clause and fact identities (709.155709ms)
✔ unseen unrelated clauses remain protected even with valid citations and a passing semantic verdict (645.926167ms)
✔ live intake preserves supplied facts and blocks paid drafting until source recheck (432.242708ms)
✔ immutable redline reconstructs exact prior and candidate wording and retains unfamiliar content (714.639209ms)
✔ lawyer interpretation feedback retains attribution and invalidates both approvals without changing facts (1397.447584ms)
✔ stale fact correction cannot overwrite a later verified company context (1068.256458ms)
✔ pinned context tampering fails approval even if the candidate and bundle are unchanged (602.766375ms)
✔ unsupported jurisdiction and future rule period escalate instead of issuing no-change decisions (285.189584ms)
✔ disclosure coverage accepts combined sections while reporting missing topics (444.100125ms)
✔ fresh legal_interpretation_note reaches runtime after the prior repair limit without rotating reused authority (1712.834917ms)
✔ fresh requested_changes reaches runtime after the prior repair limit without rotating reused authority (1249.675292ms)
✔ fresh lawyer feedback cannot bypass an unsettled charge after the repair limit (645.254ms)
✔ persisted signup without manufactured failure, ordered sealed approval and retained finalization (1171.547375ms)
✔ distinct event pins the existing harness and closes only against the finalized packet (476.9895ms)
✔ unknown facts block drafting and old reset commands cannot affect reused workspace (1094.147458ms)
✔ material edit invalidates earlier founder approval and requires both gates again (918.867084ms)
✔ source expiry prevents approval even without a background invalidation job (151.258083ms)
ℹ tests 284
ℹ suites 0
ℹ pass 284
ℹ fail 0
ℹ cancelled 0
ℹ skipped 0
ℹ todo 0
ℹ duration_ms 34853.17225
