✔ quiet hours and digest grouping apply to ordinary work, with timezone-aware next delivery (167.358083ms)
✔ required overdue work stays visible after acknowledgment in quiet hours (122.870958ms)
✔ dismissal requires an exact visible item and reappears after the underlying work changes (128.951083ms)
✔ attention hides another owner’s tasks and withdrawn-source content (201.953292ms)
✔ child effect attention cannot expose a withdrawn parent matter (141.498958ms)
✔ stale completed work routes attention to the current delegated owner (121.987958ms)
✔ counsel intake, fee approval and exact packet sharing are separate recorded decisions (1241.76625ms)
✔ source, recipient membership, explicit revoke and expiry immediately withdraw granted records (2688.098333ms)
✔ counsel returned edits preserve original proposal and require new exact decisions (883.919334ms)
✔ escalation invalidates prior engagement and access; referral stays unavailable; terminal work cannot revive (741.915666ms)
✔ sharing an older packet cannot disclose newly revised proposal bytes or added matter tasks (1180.976417ms)
✔ counsel sharing rejects expired, future and malformed bound facts even when versions match (1450.549459ms)
✔ approved template uses only confirmed mapped fields, remains proposed, accepts once as a new document (1088.999416ms)
✔ unapproved uploaded template and assumed conversation fields cannot qualify (468.724375ms)
✔ field correction and expired or revoked template approval invalidate acceptance (1003.80975ms)
✔ make it shorter uses full exact selected draft, produces reviewable model proposal, and does not replay generation (964.0745ms)
✔ source instruction cannot introduce commands; invented citation fails before independent review (557.081208ms)
✔ source revocation while model awaits prevents attaching a draft; charged result remains accounted (527.364667ms)
✔ signed original gets a separate proposed amendment and current selection changes reject stale draft intent (928.077041ms)
✔ accepted work plan creates owned typed tasks; unrelated fact cannot satisfy named task (1511.195292ms)
✔ standing route permits only current exact internal preparation; business and publisher authorization still required (925.00675ms)
✔ local semantic edit is explicit unavailable and selecting another current document cancels pending model intent (424.188875ms)
✔ source deletion erases derived template and draft payloads while preserving decision identity (463.168875ms)
✔ bounded draft requests cannot spend beyond the configured shared ceiling (280.935208ms)
✔ standing internal execution retains exact encrypted bytes once without a per-document legal decision (715.031042ms)
✔ standing policy expiry during asynchronous preparation blocks final broker dispatch (807.845375ms)
✔ date mappings reject impossible calendar dates rather than inserting regex-shaped values (352.515583ms)
✔ a completed semantic proposal cannot be accepted after supplemental document evidence changes (613.085916ms)
✔ accepted objective and completed-task lineage survive an empty retrieval ranking and adoption (14.594834ms)
✔ unranked accepted-basis source revision invalidates the packet before further model work (0.834209ms)
✔ a source audience narrowed after preparation invalidates frozen task text despite owner read access (1.750958ms)
✔ named counsel may attest only the exact shared substantive legal task; changed work requires renewed packet access (1142.152875ms)
✔ accepted plan prepares objective-specific scoped artifact, adopts exact contents once and retains review/factual gates (2192.816167ms)
✔ preparation does not send private supplementary material to a team-scoped artifact model (1648.633625ms)
✔ changed task intent or canceled matter during model await cannot attach a prepared artifact (1346.709458ms)
✔ completed preparation rejects later objective changes and source withdrawal before adoption (1539.032084ms)
✔ local mode never substitutes a generic packet for accepted model work (748.023334ms)
✔ exact audience coverage remains current while broader private coverage is omitted explicitly (1178.793334ms)
✔ source deletion scrubs frozen matter preparation text from draft and provider run receipts (924.842833ms)
✔ proposal approvals satisfy only review gates; substantive work requires owned source-backed completion (1635.905041ms)
✔ an effect created without mutating the matter still blocks final prepared adoption (731.241833ms)
✔ main snapshots hide child text when its conversation or matter is inaccessible (882.395875ms)
✔ task attestation rejects an independently changed inspected source and permits exact refreshed proof (485.778167ms)
✔ task evidence pins transitive source-free facts even when the cited source version stays unchanged (506.287667ms)
✔ stale completed work renews under its still-current delegated owner (535.253625ms)
✔ historical generated work marked done without attestation is stale and recoverable (394.884125ms)
ℹ tests 46
ℹ suites 0
ℹ pass 46
ℹ fail 0
ℹ cancelled 0
ℹ skipped 0
ℹ todo 0
ℹ duration_ms 16255.280875
