✔ message acceptance is durable before model dispatch; grounded answer receipts survive replay (419.793625ms)
✔ same accepted message key is one durable run even after reply completion (103.563625ms)
✔ missing provider credentials and invalid modes fail closed with retained user message (101.287792ms)
✔ shared spending cap prevents dispatch and is never raised by conversation processing (201.951709ms)
✔ provider timeout or unknown failure retains uncertain charge and forbids replay (276.038125ms)
✔ explicit provider rejection settles reservation without fabricating an answer (241.454041ms)
✔ source revoked while provider awaits cannot reach review or attach stale response (318.061083ms)
✔ membership revoked during final support review cannot attach answer (432.772708ms)
✔ unsupported citation IDs fail before support review; injection text remains untrusted with no tools (254.999208ms)
✔ support reviewer rejects source-injected claims even when citation identity exists (356.464417ms)
✔ private sources cannot enter another actor retrieval and derived output retains source ACL (236.402125ms)
✔ hypotheses stay isolated; inventory enumerates authorized executed agreements beyond ranking (430.856541ms)
✔ concurrent worker replays do not invoke the model twice (381.997959ms)
✔ expired running lease conservatively reconciles an interrupted dispatch without another invocation (194.805083ms)
✔ pinned model configuration cannot silently change after message acceptance (136.844125ms)
✔ durable recovery marker survives the crash checkpoint between run terminalization and ledger reconciliation (149.270083ms)
✔ prepared reservation interrupted before dispatch is released without invoking provider (118.428ms)
✔ source instructions stay in untrusted evidence and cannot gain model tools or command authority (226.605333ms)
✔ source access changed during token count prevents generation dispatch and reservation (124.241417ms)
✔ a uniquely supplied document supports Explain this contract even without a keyword match (56.955625ms)
✔ source deletion during inference scrubs retained packet and prevents late provider payload storage (214.056541ms)
✔ exact embedding tokens preserve multilingual and adversarial special-token text (367.114375ms)
✔ embedding reserves exact tokens under the shared cap and durable replay makes no provider call (154.449333ms)
✔ embedding budget exhaustion prevents dispatch; unknown charges never invoke again (263.379083ms)
✔ revocation during embedding wait cannot retain or attach the returned vector (263.174625ms)
✔ expired dispatched embedding recovery is durable without a second provider invocation (139.850542ms)
✔ both Atlas branches prefilter tenant, entity and immutable authorized IDs and return no indexed text (5.298708ms)
✔ scoped sync and hybrid fusion hydrate actual retained quotes; replay reuses index embeddings (437.340041ms)
✔ private and expired evidence cannot enter index query allowlist; stale indexes fail explicitly (146.968084ms)
✔ revocation during search and malicious cross-scope search IDs never reach model context (571.941208ms)
✔ conversation worker uses accepted run identity for hybrid query then grounded answer and review (731.5675ms)
✔ expired parent lease during index admission cannot dispatch a query embedding (522.459791ms)
✔ an old prepared embedding cannot dispatch or mutate a successor admission after recovery (316.246042ms)
✔ a permanently fenced record cannot be reinserted by an index writer paused across deletion (367.1925ms)
✔ normalization round-trips optional collections, durable receipts and outbox without identity loss (9.506708ms)
✔ normalized integrity rejects mixed tenant, generation, content, ordering or unexpected records (0.686833ms)
✔ normalized diff touches changed records only and preserves append ordering (0.51175ms)
✔ normalized storage removes aggregate BSON ceiling but enforces individual record allowance (173.503125ms)
✔ migration dry-run plan is deterministic, binds exact state and never dispatches effects (0.711625ms)
✔ empty normalized bootstrap contends on the same aggregate tenant key (0.399625ms)
ℹ tests 40
ℹ suites 0
ℹ pass 40
ℹ fail 0
ℹ cancelled 0
ℹ skipped 0
ℹ todo 0
ℹ duration_ms 5738.263625
